>%dw 2.0
#^^^ source.data-weave meta.directive.version.dw comment.dw
#   ^ source.data-weave meta.directive.version.dw
#    ^^^ source.data-weave meta.directive.version.dw comment.dw
>---
#^^^ source.data-weave keyword.operator.body-marker.dw
>{
#^ source.data-weave meta.objectliteral.dw punctuation.definition.block.dw
>  "boolean":{
#^^ source.data-weave meta.objectliteral.dw
#  ^ source.data-weave meta.objectliteral.dw variable.object.member.dw meta.object-literal.key.dw string.quoted.double.dw punctuation.definition.string.begin.dw
#   ^ source.data-weave meta.objectliteral.dw variable.object.member.dw meta.object-literal.key.dw string.quoted.double.dw
#    ^ source.data-weave meta.objectliteral.dw variable.object.member.dw meta.object-literal.key.dw string.quoted.double.dw
#     ^ source.data-weave meta.objectliteral.dw variable.object.member.dw meta.object-literal.key.dw string.quoted.double.dw
#      ^ source.data-weave meta.objectliteral.dw variable.object.member.dw meta.object-literal.key.dw string.quoted.double.dw
#       ^ source.data-weave meta.objectliteral.dw variable.object.member.dw meta.object-literal.key.dw string.quoted.double.dw
#        ^ source.data-weave meta.objectliteral.dw variable.object.member.dw meta.object-literal.key.dw string.quoted.double.dw
#         ^ source.data-weave meta.objectliteral.dw variable.object.member.dw meta.object-literal.key.dw string.quoted.double.dw
#          ^ source.data-weave meta.objectliteral.dw variable.object.member.dw meta.object-literal.key.dw string.quoted.double.dw punctuation.definition.string.end.dw
#           ^ source.data-weave meta.objectliteral.dw variable.object.member.dw meta.object-literal.key.dw punctuation.separator.key-value.dw
#            ^ source.data-weave meta.objectliteral.dw variable.object.member.dw meta.objectliteral.dw punctuation.definition.block.dw
>    "true" : true,
#^^^^ source.data-weave meta.objectliteral.dw variable.object.member.dw meta.objectliteral.dw
#    ^ source.data-weave meta.objectliteral.dw variable.object.member.dw meta.objectliteral.dw variable.object.member.dw meta.object-literal.key.dw string.quoted.double.dw punctuation.definition.string.begin.dw
#     ^ source.data-weave meta.objectliteral.dw variable.object.member.dw meta.objectliteral.dw variable.object.member.dw meta.object-literal.key.dw string.quoted.double.dw
#      ^ source.data-weave meta.objectliteral.dw variable.object.member.dw meta.objectliteral.dw variable.object.member.dw meta.object-literal.key.dw string.quoted.double.dw
#       ^ source.data-weave meta.objectliteral.dw variable.object.member.dw meta.objectliteral.dw variable.object.member.dw meta.object-literal.key.dw string.quoted.double.dw
#        ^ source.data-weave meta.objectliteral.dw variable.object.member.dw meta.objectliteral.dw variable.object.member.dw meta.object-literal.key.dw string.quoted.double.dw
#         ^ source.data-weave meta.objectliteral.dw variable.object.member.dw meta.objectliteral.dw variable.object.member.dw meta.object-literal.key.dw string.quoted.double.dw punctuation.definition.string.end.dw
#          ^ source.data-weave meta.objectliteral.dw variable.object.member.dw meta.objectliteral.dw variable.object.member.dw meta.object-literal.key.dw
#           ^ source.data-weave meta.objectliteral.dw variable.object.member.dw meta.objectliteral.dw variable.object.member.dw meta.object-literal.key.dw punctuation.separator.key-value.dw
#            ^ source.data-weave meta.objectliteral.dw variable.object.member.dw meta.objectliteral.dw variable.object.member.dw
#             ^^^^ source.data-weave meta.objectliteral.dw variable.object.member.dw meta.objectliteral.dw variable.object.member.dw constant.language.dw
#                 ^ source.data-weave meta.objectliteral.dw variable.object.member.dw meta.objectliteral.dw punctuation.separator.comma.dw
>    "false": false
#^^^^ source.data-weave meta.objectliteral.dw variable.object.member.dw meta.objectliteral.dw
#    ^ source.data-weave meta.objectliteral.dw variable.object.member.dw meta.objectliteral.dw variable.object.member.dw meta.object-literal.key.dw string.quoted.double.dw punctuation.definition.string.begin.dw
#     ^ source.data-weave meta.objectliteral.dw variable.object.member.dw meta.objectliteral.dw variable.object.member.dw meta.object-literal.key.dw string.quoted.double.dw
#      ^ source.data-weave meta.objectliteral.dw variable.object.member.dw meta.objectliteral.dw variable.object.member.dw meta.object-literal.key.dw string.quoted.double.dw
#       ^ source.data-weave meta.objectliteral.dw variable.object.member.dw meta.objectliteral.dw variable.object.member.dw meta.object-literal.key.dw string.quoted.double.dw
#        ^ source.data-weave meta.objectliteral.dw variable.object.member.dw meta.objectliteral.dw variable.object.member.dw meta.object-literal.key.dw string.quoted.double.dw
#         ^ source.data-weave meta.objectliteral.dw variable.object.member.dw meta.objectliteral.dw variable.object.member.dw meta.object-literal.key.dw string.quoted.double.dw
#          ^ source.data-weave meta.objectliteral.dw variable.object.member.dw meta.objectliteral.dw variable.object.member.dw meta.object-literal.key.dw string.quoted.double.dw punctuation.definition.string.end.dw
#           ^ source.data-weave meta.objectliteral.dw variable.object.member.dw meta.objectliteral.dw variable.object.member.dw meta.object-literal.key.dw punctuation.separator.key-value.dw
#            ^ source.data-weave meta.objectliteral.dw variable.object.member.dw meta.objectliteral.dw variable.object.member.dw
#             ^^^^^ source.data-weave meta.objectliteral.dw variable.object.member.dw meta.objectliteral.dw variable.object.member.dw constant.language.dw
>  },
#^^ source.data-weave meta.objectliteral.dw variable.object.member.dw meta.objectliteral.dw variable.object.member.dw
#  ^ source.data-weave meta.objectliteral.dw variable.object.member.dw meta.objectliteral.dw punctuation.definition.block.dw
#   ^ source.data-weave meta.objectliteral.dw punctuation.separator.comma.dw
>  "Number": {
#^^ source.data-weave meta.objectliteral.dw
#  ^ source.data-weave meta.objectliteral.dw variable.object.member.dw meta.object-literal.key.dw string.quoted.double.dw punctuation.definition.string.begin.dw
#   ^ source.data-weave meta.objectliteral.dw variable.object.member.dw meta.object-literal.key.dw string.quoted.double.dw
#    ^ source.data-weave meta.objectliteral.dw variable.object.member.dw meta.object-literal.key.dw string.quoted.double.dw
#     ^ source.data-weave meta.objectliteral.dw variable.object.member.dw meta.object-literal.key.dw string.quoted.double.dw
#      ^ source.data-weave meta.objectliteral.dw variable.object.member.dw meta.object-literal.key.dw string.quoted.double.dw
#       ^ source.data-weave meta.objectliteral.dw variable.object.member.dw meta.object-literal.key.dw string.quoted.double.dw
#        ^ source.data-weave meta.objectliteral.dw variable.object.member.dw meta.object-literal.key.dw string.quoted.double.dw
#         ^ source.data-weave meta.objectliteral.dw variable.object.member.dw meta.object-literal.key.dw string.quoted.double.dw punctuation.definition.string.end.dw
#          ^ source.data-weave meta.objectliteral.dw variable.object.member.dw meta.object-literal.key.dw punctuation.separator.key-value.dw
#           ^ source.data-weave meta.objectliteral.dw variable.object.member.dw
#            ^ source.data-weave meta.objectliteral.dw variable.object.member.dw meta.objectliteral.dw punctuation.definition.block.dw
>    "int": 123,
#^^^^ source.data-weave meta.objectliteral.dw variable.object.member.dw meta.objectliteral.dw
#    ^ source.data-weave meta.objectliteral.dw variable.object.member.dw meta.objectliteral.dw variable.object.member.dw meta.object-literal.key.dw string.quoted.double.dw punctuation.definition.string.begin.dw
#     ^ source.data-weave meta.objectliteral.dw variable.object.member.dw meta.objectliteral.dw variable.object.member.dw meta.object-literal.key.dw string.quoted.double.dw
#      ^ source.data-weave meta.objectliteral.dw variable.object.member.dw meta.objectliteral.dw variable.object.member.dw meta.object-literal.key.dw string.quoted.double.dw
#       ^ source.data-weave meta.objectliteral.dw variable.object.member.dw meta.objectliteral.dw variable.object.member.dw meta.object-literal.key.dw string.quoted.double.dw
#        ^ source.data-weave meta.objectliteral.dw variable.object.member.dw meta.objectliteral.dw variable.object.member.dw meta.object-literal.key.dw string.quoted.double.dw punctuation.definition.string.end.dw
#         ^ source.data-weave meta.objectliteral.dw variable.object.member.dw meta.objectliteral.dw variable.object.member.dw meta.object-literal.key.dw punctuation.separator.key-value.dw
#          ^ source.data-weave meta.objectliteral.dw variable.object.member.dw meta.objectliteral.dw variable.object.member.dw
#           ^^^ source.data-weave meta.objectliteral.dw variable.object.member.dw meta.objectliteral.dw variable.object.member.dw constant.numeric.dw
#              ^ source.data-weave meta.objectliteral.dw variable.object.member.dw meta.objectliteral.dw punctuation.separator.comma.dw
>    "decimal": 123.23
#^^^^ source.data-weave meta.objectliteral.dw variable.object.member.dw meta.objectliteral.dw
#    ^ source.data-weave meta.objectliteral.dw variable.object.member.dw meta.objectliteral.dw variable.object.member.dw meta.object-literal.key.dw string.quoted.double.dw punctuation.definition.string.begin.dw
#     ^ source.data-weave meta.objectliteral.dw variable.object.member.dw meta.objectliteral.dw variable.object.member.dw meta.object-literal.key.dw string.quoted.double.dw
#      ^ source.data-weave meta.objectliteral.dw variable.object.member.dw meta.objectliteral.dw variable.object.member.dw meta.object-literal.key.dw string.quoted.double.dw
#       ^ source.data-weave meta.objectliteral.dw variable.object.member.dw meta.objectliteral.dw variable.object.member.dw meta.object-literal.key.dw string.quoted.double.dw
#        ^ source.data-weave meta.objectliteral.dw variable.object.member.dw meta.objectliteral.dw variable.object.member.dw meta.object-literal.key.dw string.quoted.double.dw
#         ^ source.data-weave meta.objectliteral.dw variable.object.member.dw meta.objectliteral.dw variable.object.member.dw meta.object-literal.key.dw string.quoted.double.dw
#          ^ source.data-weave meta.objectliteral.dw variable.object.member.dw meta.objectliteral.dw variable.object.member.dw meta.object-literal.key.dw string.quoted.double.dw
#           ^ source.data-weave meta.objectliteral.dw variable.object.member.dw meta.objectliteral.dw variable.object.member.dw meta.object-literal.key.dw string.quoted.double.dw
#            ^ source.data-weave meta.objectliteral.dw variable.object.member.dw meta.objectliteral.dw variable.object.member.dw meta.object-literal.key.dw string.quoted.double.dw punctuation.definition.string.end.dw
#             ^ source.data-weave meta.objectliteral.dw variable.object.member.dw meta.objectliteral.dw variable.object.member.dw meta.object-literal.key.dw punctuation.separator.key-value.dw
#              ^ source.data-weave meta.objectliteral.dw variable.object.member.dw meta.objectliteral.dw variable.object.member.dw
#               ^^^^^^ source.data-weave meta.objectliteral.dw variable.object.member.dw meta.objectliteral.dw variable.object.member.dw constant.numeric.dw
>  },
#^^ source.data-weave meta.objectliteral.dw variable.object.member.dw meta.objectliteral.dw variable.object.member.dw
#  ^ source.data-weave meta.objectliteral.dw variable.object.member.dw meta.objectliteral.dw punctuation.definition.block.dw
#   ^ source.data-weave meta.objectliteral.dw punctuation.separator.comma.dw
>  "string": {
#^^ source.data-weave meta.objectliteral.dw
#  ^ source.data-weave meta.objectliteral.dw variable.object.member.dw meta.object-literal.key.dw string.quoted.double.dw punctuation.definition.string.begin.dw
#   ^ source.data-weave meta.objectliteral.dw variable.object.member.dw meta.object-literal.key.dw string.quoted.double.dw
#    ^ source.data-weave meta.objectliteral.dw variable.object.member.dw meta.object-literal.key.dw string.quoted.double.dw
#     ^ source.data-weave meta.objectliteral.dw variable.object.member.dw meta.object-literal.key.dw string.quoted.double.dw
#      ^ source.data-weave meta.objectliteral.dw variable.object.member.dw meta.object-literal.key.dw string.quoted.double.dw
#       ^ source.data-weave meta.objectliteral.dw variable.object.member.dw meta.object-literal.key.dw string.quoted.double.dw
#        ^ source.data-weave meta.objectliteral.dw variable.object.member.dw meta.object-literal.key.dw string.quoted.double.dw
#         ^ source.data-weave meta.objectliteral.dw variable.object.member.dw meta.object-literal.key.dw string.quoted.double.dw punctuation.definition.string.end.dw
#          ^ source.data-weave meta.objectliteral.dw variable.object.member.dw meta.object-literal.key.dw punctuation.separator.key-value.dw
#           ^ source.data-weave meta.objectliteral.dw variable.object.member.dw
#            ^ source.data-weave meta.objectliteral.dw variable.object.member.dw meta.objectliteral.dw punctuation.definition.block.dw
>    "singleQuote" : 'A String',
#^^^^ source.data-weave meta.objectliteral.dw variable.object.member.dw meta.objectliteral.dw
#    ^ source.data-weave meta.objectliteral.dw variable.object.member.dw meta.objectliteral.dw variable.object.member.dw meta.object-literal.key.dw string.quoted.double.dw punctuation.definition.string.begin.dw
#     ^ source.data-weave meta.objectliteral.dw variable.object.member.dw meta.objectliteral.dw variable.object.member.dw meta.object-literal.key.dw string.quoted.double.dw
#      ^ source.data-weave meta.objectliteral.dw variable.object.member.dw meta.objectliteral.dw variable.object.member.dw meta.object-literal.key.dw string.quoted.double.dw
#       ^ source.data-weave meta.objectliteral.dw variable.object.member.dw meta.objectliteral.dw variable.object.member.dw meta.object-literal.key.dw string.quoted.double.dw
#        ^ source.data-weave meta.objectliteral.dw variable.object.member.dw meta.objectliteral.dw variable.object.member.dw meta.object-literal.key.dw string.quoted.double.dw
#         ^ source.data-weave meta.objectliteral.dw variable.object.member.dw meta.objectliteral.dw variable.object.member.dw meta.object-literal.key.dw string.quoted.double.dw
#          ^ source.data-weave meta.objectliteral.dw variable.object.member.dw meta.objectliteral.dw variable.object.member.dw meta.object-literal.key.dw string.quoted.double.dw
#           ^ source.data-weave meta.objectliteral.dw variable.object.member.dw meta.objectliteral.dw variable.object.member.dw meta.object-literal.key.dw string.quoted.double.dw
#            ^ source.data-weave meta.objectliteral.dw variable.object.member.dw meta.objectliteral.dw variable.object.member.dw meta.object-literal.key.dw string.quoted.double.dw
#             ^ source.data-weave meta.objectliteral.dw variable.object.member.dw meta.objectliteral.dw variable.object.member.dw meta.object-literal.key.dw string.quoted.double.dw
#              ^ source.data-weave meta.objectliteral.dw variable.object.member.dw meta.objectliteral.dw variable.object.member.dw meta.object-literal.key.dw string.quoted.double.dw
#               ^ source.data-weave meta.objectliteral.dw variable.object.member.dw meta.objectliteral.dw variable.object.member.dw meta.object-literal.key.dw string.quoted.double.dw
#                ^ source.data-weave meta.objectliteral.dw variable.object.member.dw meta.objectliteral.dw variable.object.member.dw meta.object-literal.key.dw string.quoted.double.dw punctuation.definition.string.end.dw
#                 ^ source.data-weave meta.objectliteral.dw variable.object.member.dw meta.objectliteral.dw variable.object.member.dw meta.object-literal.key.dw
#                  ^ source.data-weave meta.objectliteral.dw variable.object.member.dw meta.objectliteral.dw variable.object.member.dw meta.object-literal.key.dw punctuation.separator.key-value.dw
#                   ^ source.data-weave meta.objectliteral.dw variable.object.member.dw meta.objectliteral.dw variable.object.member.dw
#                    ^ source.data-weave meta.objectliteral.dw variable.object.member.dw meta.objectliteral.dw variable.object.member.dw string.quoted.single.dw punctuation.definition.string.begin.dw
#                     ^ source.data-weave meta.objectliteral.dw variable.object.member.dw meta.objectliteral.dw variable.object.member.dw string.quoted.single.dw
#                      ^ source.data-weave meta.objectliteral.dw variable.object.member.dw meta.objectliteral.dw variable.object.member.dw string.quoted.single.dw
#                       ^ source.data-weave meta.objectliteral.dw variable.object.member.dw meta.objectliteral.dw variable.object.member.dw string.quoted.single.dw
#                        ^ source.data-weave meta.objectliteral.dw variable.object.member.dw meta.objectliteral.dw variable.object.member.dw string.quoted.single.dw
#                         ^ source.data-weave meta.objectliteral.dw variable.object.member.dw meta.objectliteral.dw variable.object.member.dw string.quoted.single.dw
#                          ^ source.data-weave meta.objectliteral.dw variable.object.member.dw meta.objectliteral.dw variable.object.member.dw string.quoted.single.dw
#                           ^ source.data-weave meta.objectliteral.dw variable.object.member.dw meta.objectliteral.dw variable.object.member.dw string.quoted.single.dw
#                            ^ source.data-weave meta.objectliteral.dw variable.object.member.dw meta.objectliteral.dw variable.object.member.dw string.quoted.single.dw
#                             ^ source.data-weave meta.objectliteral.dw variable.object.member.dw meta.objectliteral.dw variable.object.member.dw string.quoted.single.dw punctuation.definition.string.end.dw
#                              ^ source.data-weave meta.objectliteral.dw variable.object.member.dw meta.objectliteral.dw punctuation.separator.comma.dw
>    "backtickQuote" : `A String`,
#^^^^ source.data-weave meta.objectliteral.dw variable.object.member.dw meta.objectliteral.dw
#    ^ source.data-weave meta.objectliteral.dw variable.object.member.dw meta.objectliteral.dw variable.object.member.dw meta.object-literal.key.dw string.quoted.double.dw punctuation.definition.string.begin.dw
#     ^ source.data-weave meta.objectliteral.dw variable.object.member.dw meta.objectliteral.dw variable.object.member.dw meta.object-literal.key.dw string.quoted.double.dw
#      ^ source.data-weave meta.objectliteral.dw variable.object.member.dw meta.objectliteral.dw variable.object.member.dw meta.object-literal.key.dw string.quoted.double.dw
#       ^ source.data-weave meta.objectliteral.dw variable.object.member.dw meta.objectliteral.dw variable.object.member.dw meta.object-literal.key.dw string.quoted.double.dw
#        ^ source.data-weave meta.objectliteral.dw variable.object.member.dw meta.objectliteral.dw variable.object.member.dw meta.object-literal.key.dw string.quoted.double.dw
#         ^ source.data-weave meta.objectliteral.dw variable.object.member.dw meta.objectliteral.dw variable.object.member.dw meta.object-literal.key.dw string.quoted.double.dw
#          ^ source.data-weave meta.objectliteral.dw variable.object.member.dw meta.objectliteral.dw variable.object.member.dw meta.object-literal.key.dw string.quoted.double.dw
#           ^ source.data-weave meta.objectliteral.dw variable.object.member.dw meta.objectliteral.dw variable.object.member.dw meta.object-literal.key.dw string.quoted.double.dw
#            ^ source.data-weave meta.objectliteral.dw variable.object.member.dw meta.objectliteral.dw variable.object.member.dw meta.object-literal.key.dw string.quoted.double.dw
#             ^ source.data-weave meta.objectliteral.dw variable.object.member.dw meta.objectliteral.dw variable.object.member.dw meta.object-literal.key.dw string.quoted.double.dw
#              ^ source.data-weave meta.objectliteral.dw variable.object.member.dw meta.objectliteral.dw variable.object.member.dw meta.object-literal.key.dw string.quoted.double.dw
#               ^ source.data-weave meta.objectliteral.dw variable.object.member.dw meta.objectliteral.dw variable.object.member.dw meta.object-literal.key.dw string.quoted.double.dw
#                ^ source.data-weave meta.objectliteral.dw variable.object.member.dw meta.objectliteral.dw variable.object.member.dw meta.object-literal.key.dw string.quoted.double.dw
#                 ^ source.data-weave meta.objectliteral.dw variable.object.member.dw meta.objectliteral.dw variable.object.member.dw meta.object-literal.key.dw string.quoted.double.dw
#                  ^ source.data-weave meta.objectliteral.dw variable.object.member.dw meta.objectliteral.dw variable.object.member.dw meta.object-literal.key.dw string.quoted.double.dw punctuation.definition.string.end.dw
#                   ^ source.data-weave meta.objectliteral.dw variable.object.member.dw meta.objectliteral.dw variable.object.member.dw meta.object-literal.key.dw
#                    ^ source.data-weave meta.objectliteral.dw variable.object.member.dw meta.objectliteral.dw variable.object.member.dw meta.object-literal.key.dw punctuation.separator.key-value.dw
#                     ^ source.data-weave meta.objectliteral.dw variable.object.member.dw meta.objectliteral.dw variable.object.member.dw
#                      ^ source.data-weave meta.objectliteral.dw variable.object.member.dw meta.objectliteral.dw variable.object.member.dw string.quoted.double.dw punctuation.definition.string.begin.dw
#                       ^ source.data-weave meta.objectliteral.dw variable.object.member.dw meta.objectliteral.dw variable.object.member.dw string.template.dw
#                        ^ source.data-weave meta.objectliteral.dw variable.object.member.dw meta.objectliteral.dw variable.object.member.dw string.template.dw
#                         ^ source.data-weave meta.objectliteral.dw variable.object.member.dw meta.objectliteral.dw variable.object.member.dw string.template.dw
#                          ^ source.data-weave meta.objectliteral.dw variable.object.member.dw meta.objectliteral.dw variable.object.member.dw string.template.dw
#                           ^ source.data-weave meta.objectliteral.dw variable.object.member.dw meta.objectliteral.dw variable.object.member.dw string.template.dw
#                            ^ source.data-weave meta.objectliteral.dw variable.object.member.dw meta.objectliteral.dw variable.object.member.dw string.template.dw
#                             ^ source.data-weave meta.objectliteral.dw variable.object.member.dw meta.objectliteral.dw variable.object.member.dw string.template.dw
#                              ^ source.data-weave meta.objectliteral.dw variable.object.member.dw meta.objectliteral.dw variable.object.member.dw string.template.dw
#                               ^ source.data-weave meta.objectliteral.dw variable.object.member.dw meta.objectliteral.dw variable.object.member.dw string.quoted.double.dw punctuation.definition.string.end.dw
#                                ^ source.data-weave meta.objectliteral.dw variable.object.member.dw meta.objectliteral.dw punctuation.separator.comma.dw
>    "doubleQuote" : "A String"
#^^^^ source.data-weave meta.objectliteral.dw variable.object.member.dw meta.objectliteral.dw
#    ^ source.data-weave meta.objectliteral.dw variable.object.member.dw meta.objectliteral.dw variable.object.member.dw meta.object-literal.key.dw string.quoted.double.dw punctuation.definition.string.begin.dw
#     ^ source.data-weave meta.objectliteral.dw variable.object.member.dw meta.objectliteral.dw variable.object.member.dw meta.object-literal.key.dw string.quoted.double.dw
#      ^ source.data-weave meta.objectliteral.dw variable.object.member.dw meta.objectliteral.dw variable.object.member.dw meta.object-literal.key.dw string.quoted.double.dw
#       ^ source.data-weave meta.objectliteral.dw variable.object.member.dw meta.objectliteral.dw variable.object.member.dw meta.object-literal.key.dw string.quoted.double.dw
#        ^ source.data-weave meta.objectliteral.dw variable.object.member.dw meta.objectliteral.dw variable.object.member.dw meta.object-literal.key.dw string.quoted.double.dw
#         ^ source.data-weave meta.objectliteral.dw variable.object.member.dw meta.objectliteral.dw variable.object.member.dw meta.object-literal.key.dw string.quoted.double.dw
#          ^ source.data-weave meta.objectliteral.dw variable.object.member.dw meta.objectliteral.dw variable.object.member.dw meta.object-literal.key.dw string.quoted.double.dw
#           ^ source.data-weave meta.objectliteral.dw variable.object.member.dw meta.objectliteral.dw variable.object.member.dw meta.object-literal.key.dw string.quoted.double.dw
#            ^ source.data-weave meta.objectliteral.dw variable.object.member.dw meta.objectliteral.dw variable.object.member.dw meta.object-literal.key.dw string.quoted.double.dw
#             ^ source.data-weave meta.objectliteral.dw variable.object.member.dw meta.objectliteral.dw variable.object.member.dw meta.object-literal.key.dw string.quoted.double.dw
#              ^ source.data-weave meta.objectliteral.dw variable.object.member.dw meta.objectliteral.dw variable.object.member.dw meta.object-literal.key.dw string.quoted.double.dw
#               ^ source.data-weave meta.objectliteral.dw variable.object.member.dw meta.objectliteral.dw variable.object.member.dw meta.object-literal.key.dw string.quoted.double.dw
#                ^ source.data-weave meta.objectliteral.dw variable.object.member.dw meta.objectliteral.dw variable.object.member.dw meta.object-literal.key.dw string.quoted.double.dw punctuation.definition.string.end.dw
#                 ^ source.data-weave meta.objectliteral.dw variable.object.member.dw meta.objectliteral.dw variable.object.member.dw meta.object-literal.key.dw
#                  ^ source.data-weave meta.objectliteral.dw variable.object.member.dw meta.objectliteral.dw variable.object.member.dw meta.object-literal.key.dw punctuation.separator.key-value.dw
#                   ^ source.data-weave meta.objectliteral.dw variable.object.member.dw meta.objectliteral.dw variable.object.member.dw
#                    ^ source.data-weave meta.objectliteral.dw variable.object.member.dw meta.objectliteral.dw variable.object.member.dw string.quoted.double.dw punctuation.definition.string.begin.dw
#                     ^ source.data-weave meta.objectliteral.dw variable.object.member.dw meta.objectliteral.dw variable.object.member.dw string.quoted.double.dw
#                      ^ source.data-weave meta.objectliteral.dw variable.object.member.dw meta.objectliteral.dw variable.object.member.dw string.quoted.double.dw
#                       ^ source.data-weave meta.objectliteral.dw variable.object.member.dw meta.objectliteral.dw variable.object.member.dw string.quoted.double.dw
#                        ^ source.data-weave meta.objectliteral.dw variable.object.member.dw meta.objectliteral.dw variable.object.member.dw string.quoted.double.dw
#                         ^ source.data-weave meta.objectliteral.dw variable.object.member.dw meta.objectliteral.dw variable.object.member.dw string.quoted.double.dw
#                          ^ source.data-weave meta.objectliteral.dw variable.object.member.dw meta.objectliteral.dw variable.object.member.dw string.quoted.double.dw
#                           ^ source.data-weave meta.objectliteral.dw variable.object.member.dw meta.objectliteral.dw variable.object.member.dw string.quoted.double.dw
#                            ^ source.data-weave meta.objectliteral.dw variable.object.member.dw meta.objectliteral.dw variable.object.member.dw string.quoted.double.dw
#                             ^ source.data-weave meta.objectliteral.dw variable.object.member.dw meta.objectliteral.dw variable.object.member.dw string.quoted.double.dw punctuation.definition.string.end.dw
>  },
#^^ source.data-weave meta.objectliteral.dw variable.object.member.dw meta.objectliteral.dw variable.object.member.dw
#  ^ source.data-weave meta.objectliteral.dw variable.object.member.dw meta.objectliteral.dw punctuation.definition.block.dw
#   ^ source.data-weave meta.objectliteral.dw punctuation.separator.comma.dw
>  "regex": /foo/,
#^^ source.data-weave meta.objectliteral.dw
#  ^ source.data-weave meta.objectliteral.dw variable.object.member.dw meta.object-literal.key.dw string.quoted.double.dw punctuation.definition.string.begin.dw
#   ^ source.data-weave meta.objectliteral.dw variable.object.member.dw meta.object-literal.key.dw string.quoted.double.dw
#    ^ source.data-weave meta.objectliteral.dw variable.object.member.dw meta.object-literal.key.dw string.quoted.double.dw
#     ^ source.data-weave meta.objectliteral.dw variable.object.member.dw meta.object-literal.key.dw string.quoted.double.dw
#      ^ source.data-weave meta.objectliteral.dw variable.object.member.dw meta.object-literal.key.dw string.quoted.double.dw
#       ^ source.data-weave meta.objectliteral.dw variable.object.member.dw meta.object-literal.key.dw string.quoted.double.dw
#        ^ source.data-weave meta.objectliteral.dw variable.object.member.dw meta.object-literal.key.dw string.quoted.double.dw punctuation.definition.string.end.dw
#         ^ source.data-weave meta.objectliteral.dw variable.object.member.dw meta.object-literal.key.dw punctuation.separator.key-value.dw
#          ^ source.data-weave meta.objectliteral.dw variable.object.member.dw string.regexp.dw
#           ^ source.data-weave meta.objectliteral.dw variable.object.member.dw string.regexp.dw punctuation.definition.string.begin.dw
#            ^^^ source.data-weave meta.objectliteral.dw variable.object.member.dw string.regexp.dw
#               ^ source.data-weave meta.objectliteral.dw variable.object.member.dw string.regexp.dw punctuation.definition.string.end.dw
#                ^ source.data-weave meta.objectliteral.dw punctuation.separator.comma.dw
>  "date": {
#^^ source.data-weave meta.objectliteral.dw
#  ^ source.data-weave meta.objectliteral.dw variable.object.member.dw meta.object-literal.key.dw string.quoted.double.dw punctuation.definition.string.begin.dw
#   ^ source.data-weave meta.objectliteral.dw variable.object.member.dw meta.object-literal.key.dw string.quoted.double.dw
#    ^ source.data-weave meta.objectliteral.dw variable.object.member.dw meta.object-literal.key.dw string.quoted.double.dw
#     ^ source.data-weave meta.objectliteral.dw variable.object.member.dw meta.object-literal.key.dw string.quoted.double.dw
#      ^ source.data-weave meta.objectliteral.dw variable.object.member.dw meta.object-literal.key.dw string.quoted.double.dw
#       ^ source.data-weave meta.objectliteral.dw variable.object.member.dw meta.object-literal.key.dw string.quoted.double.dw punctuation.definition.string.end.dw
#        ^ source.data-weave meta.objectliteral.dw variable.object.member.dw meta.object-literal.key.dw punctuation.separator.key-value.dw
#         ^ source.data-weave meta.objectliteral.dw variable.object.member.dw
#          ^ source.data-weave meta.objectliteral.dw variable.object.member.dw meta.objectliteral.dw punctuation.definition.block.dw
>    a: |2003-10-01|,
#^^^^ source.data-weave meta.objectliteral.dw variable.object.member.dw meta.objectliteral.dw
#    ^ source.data-weave meta.objectliteral.dw variable.object.member.dw meta.objectliteral.dw variable.object.member.dw
#     ^ source.data-weave meta.objectliteral.dw variable.object.member.dw meta.objectliteral.dw variable.object.member.dw meta.object-literal.key.dw punctuation.separator.key-value.dw
#      ^ source.data-weave meta.objectliteral.dw variable.object.member.dw meta.objectliteral.dw variable.object.member.dw
#       ^ source.data-weave meta.objectliteral.dw variable.object.member.dw meta.objectliteral.dw variable.object.member.dw constant.numeric.dw
#        ^^^^ source.data-weave meta.objectliteral.dw variable.object.member.dw meta.objectliteral.dw variable.object.member.dw constant.numeric.dw
#            ^ source.data-weave meta.objectliteral.dw variable.object.member.dw meta.objectliteral.dw variable.object.member.dw constant.character.escape.dw
#             ^^ source.data-weave meta.objectliteral.dw variable.object.member.dw meta.objectliteral.dw variable.object.member.dw constant.numeric.dw
#               ^ source.data-weave meta.objectliteral.dw variable.object.member.dw meta.objectliteral.dw variable.object.member.dw constant.character.escape.dw
#                ^^ source.data-weave meta.objectliteral.dw variable.object.member.dw meta.objectliteral.dw variable.object.member.dw constant.numeric.dw
#                  ^ source.data-weave meta.objectliteral.dw variable.object.member.dw meta.objectliteral.dw variable.object.member.dw constant.numeric.dw
#                   ^ source.data-weave meta.objectliteral.dw variable.object.member.dw meta.objectliteral.dw punctuation.separator.comma.dw
>    b: |2005-045|,
#^^^^ source.data-weave meta.objectliteral.dw variable.object.member.dw meta.objectliteral.dw
#    ^ source.data-weave meta.objectliteral.dw variable.object.member.dw meta.objectliteral.dw variable.object.member.dw
#     ^ source.data-weave meta.objectliteral.dw variable.object.member.dw meta.objectliteral.dw variable.object.member.dw meta.object-literal.key.dw punctuation.separator.key-value.dw
#      ^ source.data-weave meta.objectliteral.dw variable.object.member.dw meta.objectliteral.dw variable.object.member.dw
#       ^ source.data-weave meta.objectliteral.dw variable.object.member.dw meta.objectliteral.dw variable.object.member.dw constant.numeric.dw
#        ^^^^ source.data-weave meta.objectliteral.dw variable.object.member.dw meta.objectliteral.dw variable.object.member.dw constant.numeric.dw
#            ^ source.data-weave meta.objectliteral.dw variable.object.member.dw meta.objectliteral.dw variable.object.member.dw constant.character.escape.dw
#             ^^^ source.data-weave meta.objectliteral.dw variable.object.member.dw meta.objectliteral.dw variable.object.member.dw constant.numeric.dw
#                ^ source.data-weave meta.objectliteral.dw variable.object.member.dw meta.objectliteral.dw variable.object.member.dw constant.numeric.dw
#                 ^ source.data-weave meta.objectliteral.dw variable.object.member.dw meta.objectliteral.dw punctuation.separator.comma.dw
>    c: |2003-W14-3|,
#^^^^ source.data-weave meta.objectliteral.dw variable.object.member.dw meta.objectliteral.dw
#    ^ source.data-weave meta.objectliteral.dw variable.object.member.dw meta.objectliteral.dw variable.object.member.dw
#     ^ source.data-weave meta.objectliteral.dw variable.object.member.dw meta.objectliteral.dw variable.object.member.dw meta.object-literal.key.dw punctuation.separator.key-value.dw
#      ^ source.data-weave meta.objectliteral.dw variable.object.member.dw meta.objectliteral.dw variable.object.member.dw
#       ^ source.data-weave meta.objectliteral.dw variable.object.member.dw meta.objectliteral.dw variable.object.member.dw constant.numeric.dw
#        ^^^^ source.data-weave meta.objectliteral.dw variable.object.member.dw meta.objectliteral.dw variable.object.member.dw constant.numeric.dw
#            ^ source.data-weave meta.objectliteral.dw variable.object.member.dw meta.objectliteral.dw variable.object.member.dw constant.character.escape.dw
#             ^ source.data-weave meta.objectliteral.dw variable.object.member.dw meta.objectliteral.dw variable.object.member.dw constant.character.escape.dw
#              ^^ source.data-weave meta.objectliteral.dw variable.object.member.dw meta.objectliteral.dw variable.object.member.dw constant.numeric.dw
#                ^ source.data-weave meta.objectliteral.dw variable.object.member.dw meta.objectliteral.dw variable.object.member.dw constant.character.escape.dw
#                 ^ source.data-weave meta.objectliteral.dw variable.object.member.dw meta.objectliteral.dw variable.object.member.dw constant.numeric.dw
#                  ^ source.data-weave meta.objectliteral.dw variable.object.member.dw meta.objectliteral.dw variable.object.member.dw constant.numeric.dw
#                   ^ source.data-weave meta.objectliteral.dw variable.object.member.dw meta.objectliteral.dw punctuation.separator.comma.dw
>    d: |23:57:59|,
#^^^^ source.data-weave meta.objectliteral.dw variable.object.member.dw meta.objectliteral.dw
#    ^ source.data-weave meta.objectliteral.dw variable.object.member.dw meta.objectliteral.dw variable.object.member.dw
#     ^ source.data-weave meta.objectliteral.dw variable.object.member.dw meta.objectliteral.dw variable.object.member.dw meta.object-literal.key.dw punctuation.separator.key-value.dw
#      ^ source.data-weave meta.objectliteral.dw variable.object.member.dw meta.objectliteral.dw variable.object.member.dw
#       ^ source.data-weave meta.objectliteral.dw variable.object.member.dw meta.objectliteral.dw variable.object.member.dw constant.numeric.dw
#        ^^ source.data-weave meta.objectliteral.dw variable.object.member.dw meta.objectliteral.dw variable.object.member.dw constant.numeric.dw
#          ^ source.data-weave meta.objectliteral.dw variable.object.member.dw meta.objectliteral.dw variable.object.member.dw constant.character.escape.dw
#           ^^ source.data-weave meta.objectliteral.dw variable.object.member.dw meta.objectliteral.dw variable.object.member.dw constant.numeric.dw
#             ^ source.data-weave meta.objectliteral.dw variable.object.member.dw meta.objectliteral.dw variable.object.member.dw constant.character.escape.dw
#              ^^ source.data-weave meta.objectliteral.dw variable.object.member.dw meta.objectliteral.dw variable.object.member.dw constant.numeric.dw
#                ^ source.data-weave meta.objectliteral.dw variable.object.member.dw meta.objectliteral.dw variable.object.member.dw constant.numeric.dw
#                 ^ source.data-weave meta.objectliteral.dw variable.object.member.dw meta.objectliteral.dw punctuation.separator.comma.dw
>    e: |23:57:30.700|,
#^^^^ source.data-weave meta.objectliteral.dw variable.object.member.dw meta.objectliteral.dw
#    ^ source.data-weave meta.objectliteral.dw variable.object.member.dw meta.objectliteral.dw variable.object.member.dw
#     ^ source.data-weave meta.objectliteral.dw variable.object.member.dw meta.objectliteral.dw variable.object.member.dw meta.object-literal.key.dw punctuation.separator.key-value.dw
#      ^ source.data-weave meta.objectliteral.dw variable.object.member.dw meta.objectliteral.dw variable.object.member.dw
#       ^ source.data-weave meta.objectliteral.dw variable.object.member.dw meta.objectliteral.dw variable.object.member.dw constant.numeric.dw
#        ^^ source.data-weave meta.objectliteral.dw variable.object.member.dw meta.objectliteral.dw variable.object.member.dw constant.numeric.dw
#          ^ source.data-weave meta.objectliteral.dw variable.object.member.dw meta.objectliteral.dw variable.object.member.dw constant.character.escape.dw
#           ^^ source.data-weave meta.objectliteral.dw variable.object.member.dw meta.objectliteral.dw variable.object.member.dw constant.numeric.dw
#             ^ source.data-weave meta.objectliteral.dw variable.object.member.dw meta.objectliteral.dw variable.object.member.dw constant.character.escape.dw
#              ^^ source.data-weave meta.objectliteral.dw variable.object.member.dw meta.objectliteral.dw variable.object.member.dw constant.numeric.dw
#                ^ source.data-weave meta.objectliteral.dw variable.object.member.dw meta.objectliteral.dw variable.object.member.dw constant.character.escape.dw
#                 ^^^ source.data-weave meta.objectliteral.dw variable.object.member.dw meta.objectliteral.dw variable.object.member.dw constant.numeric.dw
#                    ^ source.data-weave meta.objectliteral.dw variable.object.member.dw meta.objectliteral.dw variable.object.member.dw constant.numeric.dw
#                     ^ source.data-weave meta.objectliteral.dw variable.object.member.dw meta.objectliteral.dw punctuation.separator.comma.dw
>    f: |23:50:30Z|,
#^^^^ source.data-weave meta.objectliteral.dw variable.object.member.dw meta.objectliteral.dw
#    ^ source.data-weave meta.objectliteral.dw variable.object.member.dw meta.objectliteral.dw variable.object.member.dw
#     ^ source.data-weave meta.objectliteral.dw variable.object.member.dw meta.objectliteral.dw variable.object.member.dw meta.object-literal.key.dw punctuation.separator.key-value.dw
#      ^ source.data-weave meta.objectliteral.dw variable.object.member.dw meta.objectliteral.dw variable.object.member.dw
#       ^ source.data-weave meta.objectliteral.dw variable.object.member.dw meta.objectliteral.dw variable.object.member.dw constant.numeric.dw
#        ^^ source.data-weave meta.objectliteral.dw variable.object.member.dw meta.objectliteral.dw variable.object.member.dw constant.numeric.dw
#          ^ source.data-weave meta.objectliteral.dw variable.object.member.dw meta.objectliteral.dw variable.object.member.dw constant.character.escape.dw
#           ^^ source.data-weave meta.objectliteral.dw variable.object.member.dw meta.objectliteral.dw variable.object.member.dw constant.numeric.dw
#             ^ source.data-weave meta.objectliteral.dw variable.object.member.dw meta.objectliteral.dw variable.object.member.dw constant.character.escape.dw
#              ^^ source.data-weave meta.objectliteral.dw variable.object.member.dw meta.objectliteral.dw variable.object.member.dw constant.numeric.dw
#                ^ source.data-weave meta.objectliteral.dw variable.object.member.dw meta.objectliteral.dw variable.object.member.dw constant.character.escape.dw
#                 ^ source.data-weave meta.objectliteral.dw variable.object.member.dw meta.objectliteral.dw variable.object.member.dw constant.numeric.dw
#                  ^ source.data-weave meta.objectliteral.dw variable.object.member.dw meta.objectliteral.dw punctuation.separator.comma.dw
>    g: |+13:00|,
#^^^^ source.data-weave meta.objectliteral.dw variable.object.member.dw meta.objectliteral.dw
#    ^ source.data-weave meta.objectliteral.dw variable.object.member.dw meta.objectliteral.dw variable.object.member.dw
#     ^ source.data-weave meta.objectliteral.dw variable.object.member.dw meta.objectliteral.dw variable.object.member.dw meta.object-literal.key.dw punctuation.separator.key-value.dw
#      ^ source.data-weave meta.objectliteral.dw variable.object.member.dw meta.objectliteral.dw variable.object.member.dw
#       ^ source.data-weave meta.objectliteral.dw variable.object.member.dw meta.objectliteral.dw variable.object.member.dw constant.numeric.dw
#        ^ source.data-weave meta.objectliteral.dw variable.object.member.dw meta.objectliteral.dw variable.object.member.dw constant.character.escape.dw
#         ^^ source.data-weave meta.objectliteral.dw variable.object.member.dw meta.objectliteral.dw variable.object.member.dw constant.numeric.dw
#           ^ source.data-weave meta.objectliteral.dw variable.object.member.dw meta.objectliteral.dw variable.object.member.dw constant.character.escape.dw
#            ^^ source.data-weave meta.objectliteral.dw variable.object.member.dw meta.objectliteral.dw variable.object.member.dw constant.numeric.dw
#              ^ source.data-weave meta.objectliteral.dw variable.object.member.dw meta.objectliteral.dw variable.object.member.dw constant.numeric.dw
#               ^ source.data-weave meta.objectliteral.dw variable.object.member.dw meta.objectliteral.dw punctuation.separator.comma.dw
>    h: |Z|,
#^^^^ source.data-weave meta.objectliteral.dw variable.object.member.dw meta.objectliteral.dw
#    ^ source.data-weave meta.objectliteral.dw variable.object.member.dw meta.objectliteral.dw variable.object.member.dw
#     ^ source.data-weave meta.objectliteral.dw variable.object.member.dw meta.objectliteral.dw variable.object.member.dw meta.object-literal.key.dw punctuation.separator.key-value.dw
#      ^ source.data-weave meta.objectliteral.dw variable.object.member.dw meta.objectliteral.dw variable.object.member.dw
#       ^ source.data-weave meta.objectliteral.dw variable.object.member.dw meta.objectliteral.dw variable.object.member.dw constant.numeric.dw
#        ^ source.data-weave meta.objectliteral.dw variable.object.member.dw meta.objectliteral.dw variable.object.member.dw constant.character.escape.dw
#         ^ source.data-weave meta.objectliteral.dw variable.object.member.dw meta.objectliteral.dw variable.object.member.dw constant.numeric.dw
#          ^ source.data-weave meta.objectliteral.dw variable.object.member.dw meta.objectliteral.dw punctuation.separator.comma.dw
>    i: |-02:00|,
#^^^^ source.data-weave meta.objectliteral.dw variable.object.member.dw meta.objectliteral.dw
#    ^ source.data-weave meta.objectliteral.dw variable.object.member.dw meta.objectliteral.dw variable.object.member.dw
#     ^ source.data-weave meta.objectliteral.dw variable.object.member.dw meta.objectliteral.dw variable.object.member.dw meta.object-literal.key.dw punctuation.separator.key-value.dw
#      ^ source.data-weave meta.objectliteral.dw variable.object.member.dw meta.objectliteral.dw variable.object.member.dw
#       ^ source.data-weave meta.objectliteral.dw variable.object.member.dw meta.objectliteral.dw variable.object.member.dw constant.numeric.dw
#        ^ source.data-weave meta.objectliteral.dw variable.object.member.dw meta.objectliteral.dw variable.object.member.dw constant.character.escape.dw
#         ^^ source.data-weave meta.objectliteral.dw variable.object.member.dw meta.objectliteral.dw variable.object.member.dw constant.numeric.dw
#           ^ source.data-weave meta.objectliteral.dw variable.object.member.dw meta.objectliteral.dw variable.object.member.dw constant.character.escape.dw
#            ^^ source.data-weave meta.objectliteral.dw variable.object.member.dw meta.objectliteral.dw variable.object.member.dw constant.numeric.dw
#              ^ source.data-weave meta.objectliteral.dw variable.object.member.dw meta.objectliteral.dw variable.object.member.dw constant.numeric.dw
#               ^ source.data-weave meta.objectliteral.dw variable.object.member.dw meta.objectliteral.dw punctuation.separator.comma.dw
>    j: |2005-06-02T15:10:16|,
#^^^^ source.data-weave meta.objectliteral.dw variable.object.member.dw meta.objectliteral.dw
#    ^ source.data-weave meta.objectliteral.dw variable.object.member.dw meta.objectliteral.dw variable.object.member.dw
#     ^ source.data-weave meta.objectliteral.dw variable.object.member.dw meta.objectliteral.dw variable.object.member.dw meta.object-literal.key.dw punctuation.separator.key-value.dw
#      ^ source.data-weave meta.objectliteral.dw variable.object.member.dw meta.objectliteral.dw variable.object.member.dw
#       ^ source.data-weave meta.objectliteral.dw variable.object.member.dw meta.objectliteral.dw variable.object.member.dw constant.numeric.dw
#        ^^^^ source.data-weave meta.objectliteral.dw variable.object.member.dw meta.objectliteral.dw variable.object.member.dw constant.numeric.dw
#            ^ source.data-weave meta.objectliteral.dw variable.object.member.dw meta.objectliteral.dw variable.object.member.dw constant.character.escape.dw
#             ^^ source.data-weave meta.objectliteral.dw variable.object.member.dw meta.objectliteral.dw variable.object.member.dw constant.numeric.dw
#               ^ source.data-weave meta.objectliteral.dw variable.object.member.dw meta.objectliteral.dw variable.object.member.dw constant.character.escape.dw
#                ^^ source.data-weave meta.objectliteral.dw variable.object.member.dw meta.objectliteral.dw variable.object.member.dw constant.numeric.dw
#                  ^ source.data-weave meta.objectliteral.dw variable.object.member.dw meta.objectliteral.dw variable.object.member.dw constant.character.escape.dw
#                   ^^ source.data-weave meta.objectliteral.dw variable.object.member.dw meta.objectliteral.dw variable.object.member.dw constant.numeric.dw
#                     ^ source.data-weave meta.objectliteral.dw variable.object.member.dw meta.objectliteral.dw variable.object.member.dw constant.character.escape.dw
#                      ^^ source.data-weave meta.objectliteral.dw variable.object.member.dw meta.objectliteral.dw variable.object.member.dw constant.numeric.dw
#                        ^ source.data-weave meta.objectliteral.dw variable.object.member.dw meta.objectliteral.dw variable.object.member.dw constant.character.escape.dw
#                         ^^ source.data-weave meta.objectliteral.dw variable.object.member.dw meta.objectliteral.dw variable.object.member.dw constant.numeric.dw
#                           ^ source.data-weave meta.objectliteral.dw variable.object.member.dw meta.objectliteral.dw variable.object.member.dw constant.numeric.dw
#                            ^ source.data-weave meta.objectliteral.dw variable.object.member.dw meta.objectliteral.dw punctuation.separator.comma.dw
>    k: |2005-06-02T15:10:16Z|,
#^^^^ source.data-weave meta.objectliteral.dw variable.object.member.dw meta.objectliteral.dw
#    ^ source.data-weave meta.objectliteral.dw variable.object.member.dw meta.objectliteral.dw variable.object.member.dw
#     ^ source.data-weave meta.objectliteral.dw variable.object.member.dw meta.objectliteral.dw variable.object.member.dw meta.object-literal.key.dw punctuation.separator.key-value.dw
#      ^ source.data-weave meta.objectliteral.dw variable.object.member.dw meta.objectliteral.dw variable.object.member.dw
#       ^ source.data-weave meta.objectliteral.dw variable.object.member.dw meta.objectliteral.dw variable.object.member.dw constant.numeric.dw
#        ^^^^ source.data-weave meta.objectliteral.dw variable.object.member.dw meta.objectliteral.dw variable.object.member.dw constant.numeric.dw
#            ^ source.data-weave meta.objectliteral.dw variable.object.member.dw meta.objectliteral.dw variable.object.member.dw constant.character.escape.dw
#             ^^ source.data-weave meta.objectliteral.dw variable.object.member.dw meta.objectliteral.dw variable.object.member.dw constant.numeric.dw
#               ^ source.data-weave meta.objectliteral.dw variable.object.member.dw meta.objectliteral.dw variable.object.member.dw constant.character.escape.dw
#                ^^ source.data-weave meta.objectliteral.dw variable.object.member.dw meta.objectliteral.dw variable.object.member.dw constant.numeric.dw
#                  ^ source.data-weave meta.objectliteral.dw variable.object.member.dw meta.objectliteral.dw variable.object.member.dw constant.character.escape.dw
#                   ^^ source.data-weave meta.objectliteral.dw variable.object.member.dw meta.objectliteral.dw variable.object.member.dw constant.numeric.dw
#                     ^ source.data-weave meta.objectliteral.dw variable.object.member.dw meta.objectliteral.dw variable.object.member.dw constant.character.escape.dw
#                      ^^ source.data-weave meta.objectliteral.dw variable.object.member.dw meta.objectliteral.dw variable.object.member.dw constant.numeric.dw
#                        ^ source.data-weave meta.objectliteral.dw variable.object.member.dw meta.objectliteral.dw variable.object.member.dw constant.character.escape.dw
#                         ^^ source.data-weave meta.objectliteral.dw variable.object.member.dw meta.objectliteral.dw variable.object.member.dw constant.numeric.dw
#                           ^ source.data-weave meta.objectliteral.dw variable.object.member.dw meta.objectliteral.dw variable.object.member.dw constant.character.escape.dw
#                            ^ source.data-weave meta.objectliteral.dw variable.object.member.dw meta.objectliteral.dw variable.object.member.dw constant.numeric.dw
#                             ^ source.data-weave meta.objectliteral.dw variable.object.member.dw meta.objectliteral.dw punctuation.separator.comma.dw
>    l: |2005-06-02T15:10:16+03:00|,
#^^^^ source.data-weave meta.objectliteral.dw variable.object.member.dw meta.objectliteral.dw
#    ^ source.data-weave meta.objectliteral.dw variable.object.member.dw meta.objectliteral.dw variable.object.member.dw
#     ^ source.data-weave meta.objectliteral.dw variable.object.member.dw meta.objectliteral.dw variable.object.member.dw meta.object-literal.key.dw punctuation.separator.key-value.dw
#      ^ source.data-weave meta.objectliteral.dw variable.object.member.dw meta.objectliteral.dw variable.object.member.dw
#       ^ source.data-weave meta.objectliteral.dw variable.object.member.dw meta.objectliteral.dw variable.object.member.dw constant.numeric.dw
#        ^^^^ source.data-weave meta.objectliteral.dw variable.object.member.dw meta.objectliteral.dw variable.object.member.dw constant.numeric.dw
#            ^ source.data-weave meta.objectliteral.dw variable.object.member.dw meta.objectliteral.dw variable.object.member.dw constant.character.escape.dw
#             ^^ source.data-weave meta.objectliteral.dw variable.object.member.dw meta.objectliteral.dw variable.object.member.dw constant.numeric.dw
#               ^ source.data-weave meta.objectliteral.dw variable.object.member.dw meta.objectliteral.dw variable.object.member.dw constant.character.escape.dw
#                ^^ source.data-weave meta.objectliteral.dw variable.object.member.dw meta.objectliteral.dw variable.object.member.dw constant.numeric.dw
#                  ^ source.data-weave meta.objectliteral.dw variable.object.member.dw meta.objectliteral.dw variable.object.member.dw constant.character.escape.dw
#                   ^^ source.data-weave meta.objectliteral.dw variable.object.member.dw meta.objectliteral.dw variable.object.member.dw constant.numeric.dw
#                     ^ source.data-weave meta.objectliteral.dw variable.object.member.dw meta.objectliteral.dw variable.object.member.dw constant.character.escape.dw
#                      ^^ source.data-weave meta.objectliteral.dw variable.object.member.dw meta.objectliteral.dw variable.object.member.dw constant.numeric.dw
#                        ^ source.data-weave meta.objectliteral.dw variable.object.member.dw meta.objectliteral.dw variable.object.member.dw constant.character.escape.dw
#                         ^^ source.data-weave meta.objectliteral.dw variable.object.member.dw meta.objectliteral.dw variable.object.member.dw constant.numeric.dw
#                           ^ source.data-weave meta.objectliteral.dw variable.object.member.dw meta.objectliteral.dw variable.object.member.dw constant.character.escape.dw
#                            ^^ source.data-weave meta.objectliteral.dw variable.object.member.dw meta.objectliteral.dw variable.object.member.dw constant.numeric.dw
#                              ^ source.data-weave meta.objectliteral.dw variable.object.member.dw meta.objectliteral.dw variable.object.member.dw constant.character.escape.dw
#                               ^^ source.data-weave meta.objectliteral.dw variable.object.member.dw meta.objectliteral.dw variable.object.member.dw constant.numeric.dw
#                                 ^ source.data-weave meta.objectliteral.dw variable.object.member.dw meta.objectliteral.dw variable.object.member.dw constant.numeric.dw
#                                  ^ source.data-weave meta.objectliteral.dw variable.object.member.dw meta.objectliteral.dw punctuation.separator.comma.dw
>    m: |P12Y7M11D|,
#^^^^ source.data-weave meta.objectliteral.dw variable.object.member.dw meta.objectliteral.dw
#    ^ source.data-weave meta.objectliteral.dw variable.object.member.dw meta.objectliteral.dw variable.object.member.dw
#     ^ source.data-weave meta.objectliteral.dw variable.object.member.dw meta.objectliteral.dw variable.object.member.dw meta.object-literal.key.dw punctuation.separator.key-value.dw
#      ^ source.data-weave meta.objectliteral.dw variable.object.member.dw meta.objectliteral.dw variable.object.member.dw
#       ^ source.data-weave meta.objectliteral.dw variable.object.member.dw meta.objectliteral.dw variable.object.member.dw constant.numeric.dw
#        ^ source.data-weave meta.objectliteral.dw variable.object.member.dw meta.objectliteral.dw variable.object.member.dw constant.character.escape.dw
#         ^^ source.data-weave meta.objectliteral.dw variable.object.member.dw meta.objectliteral.dw variable.object.member.dw constant.numeric.dw
#           ^ source.data-weave meta.objectliteral.dw variable.object.member.dw meta.objectliteral.dw variable.object.member.dw constant.character.escape.dw
#            ^ source.data-weave meta.objectliteral.dw variable.object.member.dw meta.objectliteral.dw variable.object.member.dw constant.numeric.dw
#             ^ source.data-weave meta.objectliteral.dw variable.object.member.dw meta.objectliteral.dw variable.object.member.dw constant.character.escape.dw
#              ^^ source.data-weave meta.objectliteral.dw variable.object.member.dw meta.objectliteral.dw variable.object.member.dw constant.numeric.dw
#                ^ source.data-weave meta.objectliteral.dw variable.object.member.dw meta.objectliteral.dw variable.object.member.dw constant.character.escape.dw
#                 ^ source.data-weave meta.objectliteral.dw variable.object.member.dw meta.objectliteral.dw variable.object.member.dw constant.numeric.dw
#                  ^ source.data-weave meta.objectliteral.dw variable.object.member.dw meta.objectliteral.dw punctuation.separator.comma.dw
>    n: |P12Y5M|,
#^^^^ source.data-weave meta.objectliteral.dw variable.object.member.dw meta.objectliteral.dw
#    ^ source.data-weave meta.objectliteral.dw variable.object.member.dw meta.objectliteral.dw variable.object.member.dw
#     ^ source.data-weave meta.objectliteral.dw variable.object.member.dw meta.objectliteral.dw variable.object.member.dw meta.object-literal.key.dw punctuation.separator.key-value.dw
#      ^ source.data-weave meta.objectliteral.dw variable.object.member.dw meta.objectliteral.dw variable.object.member.dw
#       ^ source.data-weave meta.objectliteral.dw variable.object.member.dw meta.objectliteral.dw variable.object.member.dw constant.numeric.dw
#        ^ source.data-weave meta.objectliteral.dw variable.object.member.dw meta.objectliteral.dw variable.object.member.dw constant.character.escape.dw
#         ^^ source.data-weave meta.objectliteral.dw variable.object.member.dw meta.objectliteral.dw variable.object.member.dw constant.numeric.dw
#           ^ source.data-weave meta.objectliteral.dw variable.object.member.dw meta.objectliteral.dw variable.object.member.dw constant.character.escape.dw
#            ^ source.data-weave meta.objectliteral.dw variable.object.member.dw meta.objectliteral.dw variable.object.member.dw constant.numeric.dw
#             ^ source.data-weave meta.objectliteral.dw variable.object.member.dw meta.objectliteral.dw variable.object.member.dw constant.character.escape.dw
#              ^ source.data-weave meta.objectliteral.dw variable.object.member.dw meta.objectliteral.dw variable.object.member.dw constant.numeric.dw
#               ^ source.data-weave meta.objectliteral.dw variable.object.member.dw meta.objectliteral.dw punctuation.separator.comma.dw
>    o: |P45DT9H20M8S|,
#^^^^ source.data-weave meta.objectliteral.dw variable.object.member.dw meta.objectliteral.dw
#    ^ source.data-weave meta.objectliteral.dw variable.object.member.dw meta.objectliteral.dw variable.object.member.dw
#     ^ source.data-weave meta.objectliteral.dw variable.object.member.dw meta.objectliteral.dw variable.object.member.dw meta.object-literal.key.dw punctuation.separator.key-value.dw
#      ^ source.data-weave meta.objectliteral.dw variable.object.member.dw meta.objectliteral.dw variable.object.member.dw
#       ^ source.data-weave meta.objectliteral.dw variable.object.member.dw meta.objectliteral.dw variable.object.member.dw constant.numeric.dw
#        ^ source.data-weave meta.objectliteral.dw variable.object.member.dw meta.objectliteral.dw variable.object.member.dw constant.character.escape.dw
#         ^^ source.data-weave meta.objectliteral.dw variable.object.member.dw meta.objectliteral.dw variable.object.member.dw constant.numeric.dw
#           ^ source.data-weave meta.objectliteral.dw variable.object.member.dw meta.objectliteral.dw variable.object.member.dw constant.character.escape.dw
#            ^ source.data-weave meta.objectliteral.dw variable.object.member.dw meta.objectliteral.dw variable.object.member.dw constant.character.escape.dw
#             ^ source.data-weave meta.objectliteral.dw variable.object.member.dw meta.objectliteral.dw variable.object.member.dw constant.numeric.dw
#              ^ source.data-weave meta.objectliteral.dw variable.object.member.dw meta.objectliteral.dw variable.object.member.dw constant.character.escape.dw
#               ^^ source.data-weave meta.objectliteral.dw variable.object.member.dw meta.objectliteral.dw variable.object.member.dw constant.numeric.dw
#                 ^ source.data-weave meta.objectliteral.dw variable.object.member.dw meta.objectliteral.dw variable.object.member.dw constant.character.escape.dw
#                  ^ source.data-weave meta.objectliteral.dw variable.object.member.dw meta.objectliteral.dw variable.object.member.dw constant.numeric.dw
#                   ^ source.data-weave meta.objectliteral.dw variable.object.member.dw meta.objectliteral.dw variable.object.member.dw constant.character.escape.dw
#                    ^ source.data-weave meta.objectliteral.dw variable.object.member.dw meta.objectliteral.dw variable.object.member.dw constant.numeric.dw
#                     ^ source.data-weave meta.objectliteral.dw variable.object.member.dw meta.objectliteral.dw punctuation.separator.comma.dw
>    p: |PT9H20M8S|
#^^^^ source.data-weave meta.objectliteral.dw variable.object.member.dw meta.objectliteral.dw
#    ^ source.data-weave meta.objectliteral.dw variable.object.member.dw meta.objectliteral.dw variable.object.member.dw
#     ^ source.data-weave meta.objectliteral.dw variable.object.member.dw meta.objectliteral.dw variable.object.member.dw meta.object-literal.key.dw punctuation.separator.key-value.dw
#      ^ source.data-weave meta.objectliteral.dw variable.object.member.dw meta.objectliteral.dw variable.object.member.dw
#       ^ source.data-weave meta.objectliteral.dw variable.object.member.dw meta.objectliteral.dw variable.object.member.dw constant.numeric.dw
#        ^ source.data-weave meta.objectliteral.dw variable.object.member.dw meta.objectliteral.dw variable.object.member.dw constant.character.escape.dw
#         ^ source.data-weave meta.objectliteral.dw variable.object.member.dw meta.objectliteral.dw variable.object.member.dw constant.character.escape.dw
#          ^ source.data-weave meta.objectliteral.dw variable.object.member.dw meta.objectliteral.dw variable.object.member.dw constant.numeric.dw
#           ^ source.data-weave meta.objectliteral.dw variable.object.member.dw meta.objectliteral.dw variable.object.member.dw constant.character.escape.dw
#            ^^ source.data-weave meta.objectliteral.dw variable.object.member.dw meta.objectliteral.dw variable.object.member.dw constant.numeric.dw
#              ^ source.data-weave meta.objectliteral.dw variable.object.member.dw meta.objectliteral.dw variable.object.member.dw constant.character.escape.dw
#               ^ source.data-weave meta.objectliteral.dw variable.object.member.dw meta.objectliteral.dw variable.object.member.dw constant.numeric.dw
#                ^ source.data-weave meta.objectliteral.dw variable.object.member.dw meta.objectliteral.dw variable.object.member.dw constant.character.escape.dw
#                 ^ source.data-weave meta.objectliteral.dw variable.object.member.dw meta.objectliteral.dw variable.object.member.dw constant.numeric.dw
>  }
#^^ source.data-weave meta.objectliteral.dw variable.object.member.dw meta.objectliteral.dw variable.object.member.dw
#  ^ source.data-weave meta.objectliteral.dw variable.object.member.dw meta.objectliteral.dw punctuation.definition.block.dw
>}
#^ source.data-weave meta.objectliteral.dw punctuation.definition.block.dw