>type Test = (String | Boolean)
#^^^^ source.data-weave meta.directive.type.dw storage.type.dw
#    ^ source.data-weave meta.directive.type.dw
#     ^^^^ source.data-weave meta.directive.type.dw entity.name.type.dw
#         ^ source.data-weave meta.directive.type.dw
#          ^ source.data-weave meta.directive.type.dw keyword.other.dw
#           ^ source.data-weave meta.directive.type.dw
#            ^ source.data-weave meta.directive.type.dw keyword.operator.grouping.dw
#             ^^^^^^ source.data-weave meta.directive.type.dw support.class.dw
#                   ^ source.data-weave meta.directive.type.dw
#                    ^ source.data-weave meta.directive.type.dw keyword.operator.declaration.dw
#                     ^ source.data-weave meta.directive.type.dw
#                      ^^^^^^^ source.data-weave meta.directive.type.dw support.class.dw
#                             ^ source.data-weave meta.directive.type.dw keyword.operator.grouping.dw
>type Test2 = String
#^^^^ source.data-weave meta.directive.type.dw storage.type.dw
#    ^ source.data-weave meta.directive.type.dw
#     ^^^^^ source.data-weave meta.directive.type.dw entity.name.type.dw
#          ^ source.data-weave meta.directive.type.dw
#           ^ source.data-weave meta.directive.type.dw keyword.other.dw
#            ^ source.data-weave meta.directive.type.dw
#             ^^^^^^ source.data-weave meta.directive.type.dw support.class.dw
>type Test4 = (String | Boolean | (String, Boolean) -> Boolean)
#^^^^ source.data-weave meta.directive.type.dw storage.type.dw
#    ^ source.data-weave meta.directive.type.dw
#     ^^^^^ source.data-weave meta.directive.type.dw entity.name.type.dw
#          ^ source.data-weave meta.directive.type.dw
#           ^ source.data-weave meta.directive.type.dw keyword.other.dw
#            ^ source.data-weave meta.directive.type.dw
#             ^ source.data-weave meta.directive.type.dw keyword.operator.grouping.dw
#              ^^^^^^ source.data-weave meta.directive.type.dw support.class.dw
#                    ^ source.data-weave meta.directive.type.dw
#                     ^ source.data-weave meta.directive.type.dw keyword.operator.declaration.dw
#                      ^ source.data-weave meta.directive.type.dw
#                       ^^^^^^^ source.data-weave meta.directive.type.dw support.class.dw
#                              ^ source.data-weave meta.directive.type.dw
#                               ^ source.data-weave meta.directive.type.dw keyword.operator.declaration.dw
#                                ^ source.data-weave meta.directive.type.dw
#                                 ^ source.data-weave meta.directive.type.dw keyword.operator.grouping.dw
#                                  ^^^^^^ source.data-weave meta.directive.type.dw support.class.dw
#                                        ^^ source.data-weave meta.directive.type.dw
#                                          ^^^^^^^ source.data-weave meta.directive.type.dw support.class.dw
#                                                 ^^^^ source.data-weave meta.directive.type.dw keyword.operator.grouping.dw
#                                                     ^ source.data-weave meta.directive.type.dw
#                                                      ^^^^^^^ source.data-weave meta.directive.type.dw support.class.dw
#                                                             ^ source.data-weave meta.directive.type.dw keyword.operator.grouping.dw
>type Test5 = (String | Boolean | (String, Boolean) -> (Boolean))
#^^^^ source.data-weave meta.directive.type.dw storage.type.dw
#    ^ source.data-weave meta.directive.type.dw
#     ^^^^^ source.data-weave meta.directive.type.dw entity.name.type.dw
#          ^ source.data-weave meta.directive.type.dw
#           ^ source.data-weave meta.directive.type.dw keyword.other.dw
#            ^ source.data-weave meta.directive.type.dw
#             ^ source.data-weave meta.directive.type.dw keyword.operator.grouping.dw
#              ^^^^^^ source.data-weave meta.directive.type.dw support.class.dw
#                    ^ source.data-weave meta.directive.type.dw
#                     ^ source.data-weave meta.directive.type.dw keyword.operator.declaration.dw
#                      ^ source.data-weave meta.directive.type.dw
#                       ^^^^^^^ source.data-weave meta.directive.type.dw support.class.dw
#                              ^ source.data-weave meta.directive.type.dw
#                               ^ source.data-weave meta.directive.type.dw keyword.operator.declaration.dw
#                                ^ source.data-weave meta.directive.type.dw
#                                 ^ source.data-weave meta.directive.type.dw keyword.operator.grouping.dw
#                                  ^^^^^^ source.data-weave meta.directive.type.dw support.class.dw
#                                        ^^ source.data-weave meta.directive.type.dw
#                                          ^^^^^^^ source.data-weave meta.directive.type.dw support.class.dw
#                                                 ^^^^ source.data-weave meta.directive.type.dw keyword.operator.grouping.dw
#                                                     ^ source.data-weave meta.directive.type.dw
#                                                      ^ source.data-weave meta.directive.type.dw keyword.operator.grouping.dw
#                                                       ^^^^^^^ source.data-weave meta.directive.type.dw support.class.dw
#                                                              ^ source.data-weave meta.directive.type.dw keyword.operator.grouping.dw
#                                                               ^ source.data-weave meta.directive.type.dw keyword.operator.grouping.dw
>type Test6 = ((String, Boolean) -> (Boolean))
#^^^^ source.data-weave meta.directive.type.dw storage.type.dw
#    ^ source.data-weave meta.directive.type.dw
#     ^^^^^ source.data-weave meta.directive.type.dw entity.name.type.dw
#          ^ source.data-weave meta.directive.type.dw
#           ^ source.data-weave meta.directive.type.dw keyword.other.dw
#            ^ source.data-weave meta.directive.type.dw
#             ^ source.data-weave meta.directive.type.dw keyword.operator.grouping.dw
#              ^ source.data-weave meta.directive.type.dw keyword.operator.grouping.dw
#               ^^^^^^ source.data-weave meta.directive.type.dw support.class.dw
#                     ^^ source.data-weave meta.directive.type.dw
#                       ^^^^^^^ source.data-weave meta.directive.type.dw support.class.dw
#                              ^^^^ source.data-weave meta.directive.type.dw keyword.operator.grouping.dw
#                                  ^ source.data-weave meta.directive.type.dw
#                                   ^ source.data-weave meta.directive.type.dw keyword.operator.grouping.dw
#                                    ^^^^^^^ source.data-weave meta.directive.type.dw support.class.dw
#                                           ^ source.data-weave meta.directive.type.dw keyword.operator.grouping.dw
#                                            ^ source.data-weave meta.directive.type.dw keyword.operator.grouping.dw
>type Test7 = (String | Boolean | (String | Boolean) | Boolean) -> Boolean
#^^^^ source.data-weave meta.directive.type.dw storage.type.dw
#    ^ source.data-weave meta.directive.type.dw
#     ^^^^^ source.data-weave meta.directive.type.dw entity.name.type.dw
#          ^ source.data-weave meta.directive.type.dw
#           ^ source.data-weave meta.directive.type.dw keyword.other.dw
#            ^ source.data-weave meta.directive.type.dw
#             ^ source.data-weave meta.directive.type.dw keyword.operator.grouping.dw
#              ^^^^^^ source.data-weave meta.directive.type.dw support.class.dw
#                    ^ source.data-weave meta.directive.type.dw
#                     ^ source.data-weave meta.directive.type.dw keyword.operator.declaration.dw
#                      ^ source.data-weave meta.directive.type.dw
#                       ^^^^^^^ source.data-weave meta.directive.type.dw support.class.dw
#                              ^ source.data-weave meta.directive.type.dw
#                               ^ source.data-weave meta.directive.type.dw keyword.operator.declaration.dw
#                                ^ source.data-weave meta.directive.type.dw
#                                 ^ source.data-weave meta.directive.type.dw keyword.operator.grouping.dw
#                                  ^^^^^^ source.data-weave meta.directive.type.dw support.class.dw
#                                        ^ source.data-weave meta.directive.type.dw
#                                         ^ source.data-weave meta.directive.type.dw keyword.operator.declaration.dw
#                                          ^ source.data-weave meta.directive.type.dw
#                                           ^^^^^^^ source.data-weave meta.directive.type.dw support.class.dw
#                                                  ^ source.data-weave meta.directive.type.dw keyword.operator.grouping.dw
#                                                   ^ source.data-weave meta.directive.type.dw
#                                                    ^ source.data-weave meta.directive.type.dw keyword.operator.declaration.dw
#                                                     ^ source.data-weave meta.directive.type.dw
#                                                      ^^^^^^^ source.data-weave meta.directive.type.dw support.class.dw
#                                                             ^^^^ source.data-weave meta.directive.type.dw keyword.operator.grouping.dw
#                                                                 ^ source.data-weave meta.directive.type.dw
#                                                                  ^^^^^^^ source.data-weave meta.directive.type.dw support.class.dw