>type FormData<T> = {(T): String}
#^^^^ source.data-weave meta.directive.type.dw storage.type.dw
#    ^ source.data-weave meta.directive.type.dw
#     ^^^^^^^^ source.data-weave meta.directive.type.dw entity.name.type.dw
#             ^ source.data-weave meta.directive.type.dw
#              ^ source.data-weave meta.directive.type.dw entity.name.type.parameter.dw
#               ^ source.data-weave meta.directive.type.dw
#                ^ source.data-weave meta.directive.type.dw
#                 ^ source.data-weave meta.directive.type.dw keyword.other.dw
#                  ^ source.data-weave meta.directive.type.dw
#                   ^ source.data-weave meta.directive.type.dw
#                    ^^^ source.data-weave meta.directive.type.dw entity.name.type.dw
#                       ^ source.data-weave meta.directive.type.dw keyword.operator.declaration.dw
#                        ^ source.data-weave meta.directive.type.dw
#                         ^^^^^^ source.data-weave meta.directive.type.dw support.class.dw
#                               ^ source.data-weave meta.directive.type.dw
>type StringDict = {_: String}
#^^^^ source.data-weave meta.directive.type.dw storage.type.dw
#    ^ source.data-weave meta.directive.type.dw
#     ^^^^^^^^^^ source.data-weave meta.directive.type.dw entity.name.type.dw
#               ^ source.data-weave meta.directive.type.dw
#                ^ source.data-weave meta.directive.type.dw keyword.other.dw
#                 ^ source.data-weave meta.directive.type.dw
#                  ^ source.data-weave meta.directive.type.dw
#                   ^ source.data-weave meta.directive.type.dw variable.language.dw
#                    ^ source.data-weave meta.directive.type.dw keyword.operator.declaration.dw
#                     ^ source.data-weave meta.directive.type.dw
#                      ^^^^^^ source.data-weave meta.directive.type.dw support.class.dw
#                            ^ source.data-weave meta.directive.type.dw
>type HttpRequest = {
#^^^^ source.data-weave meta.directive.type.dw storage.type.dw
#    ^ source.data-weave meta.directive.type.dw
#     ^^^^^^^^^^^ source.data-weave meta.directive.type.dw entity.name.type.dw
#                ^ source.data-weave meta.directive.type.dw
#                 ^ source.data-weave meta.directive.type.dw keyword.other.dw
#                  ^ source.data-weave meta.directive.type.dw
#                   ^ source.data-weave meta.directive.type.dw
>  headers?: HttpHeaders,
#^^ source.data-weave meta.directive.type.dw
#  ^^^^^^^ source.data-weave meta.directive.type.dw variable.object.member.dw
#         ^ source.data-weave meta.directive.type.dw keyword.operator.optional.dw
#          ^ source.data-weave meta.directive.type.dw keyword.operator.declaration.dw
#           ^ source.data-weave meta.directive.type.dw
#            ^^^^^^^^^^^ source.data-weave meta.directive.type.dw support.class.dw
#                       ^ source.data-weave meta.directive.type.dw punctuation.separator.comma.dw
>  method?: String,
#^^ source.data-weave meta.directive.type.dw
#  ^^^^^^ source.data-weave meta.directive.type.dw variable.object.member.dw
#        ^ source.data-weave meta.directive.type.dw keyword.operator.optional.dw
#         ^ source.data-weave meta.directive.type.dw keyword.operator.declaration.dw
#          ^ source.data-weave meta.directive.type.dw
#           ^^^^^^ source.data-weave meta.directive.type.dw support.class.dw
#                 ^ source.data-weave meta.directive.type.dw punctuation.separator.comma.dw
>  url: String,
#^^ source.data-weave meta.directive.type.dw
#  ^^^ source.data-weave meta.directive.type.dw variable.object.member.dw
#     ^ source.data-weave meta.directive.type.dw keyword.operator.declaration.dw
#      ^ source.data-weave meta.directive.type.dw
#       ^^^^^^ source.data-weave meta.directive.type.dw support.class.dw
#             ^ source.data-weave meta.directive.type.dw punctuation.separator.comma.dw
>  allowRedirect?: Boolean,
#^^ source.data-weave meta.directive.type.dw
#  ^^^^^^^^^^^^^ source.data-weave meta.directive.type.dw variable.object.member.dw
#               ^ source.data-weave meta.directive.type.dw keyword.operator.optional.dw
#                ^ source.data-weave meta.directive.type.dw keyword.operator.declaration.dw
#                 ^ source.data-weave meta.directive.type.dw
#                  ^^^^^^^ source.data-weave meta.directive.type.dw support.class.dw
#                         ^ source.data-weave meta.directive.type.dw punctuation.separator.comma.dw
>  body?: String
#^^ source.data-weave meta.directive.type.dw
#  ^^^^ source.data-weave meta.directive.type.dw variable.object.member.dw
#      ^ source.data-weave meta.directive.type.dw keyword.operator.optional.dw
#       ^ source.data-weave meta.directive.type.dw keyword.operator.declaration.dw
#        ^ source.data-weave meta.directive.type.dw
#         ^^^^^^ source.data-weave meta.directive.type.dw support.class.dw
>}
#^ source.data-weave meta.directive.type.dw
>
>type XmlType = {
#^^^^ source.data-weave meta.directive.type.dw storage.type.dw
#    ^ source.data-weave meta.directive.type.dw
#     ^^^^^^^ source.data-weave meta.directive.type.dw entity.name.type.dw
#            ^ source.data-weave meta.directive.type.dw
#             ^ source.data-weave meta.directive.type.dw keyword.other.dw
#              ^ source.data-weave meta.directive.type.dw
#               ^ source.data-weave meta.directive.type.dw
>  headers @(name: String, age?: Number): HttpHeaders,
#^^ source.data-weave meta.directive.type.dw
#  ^^^^^^^ source.data-weave meta.directive.type.dw variable.object.member.dw
#         ^ source.data-weave meta.directive.type.dw
#          ^^ source.data-weave meta.directive.type.dw keyword.operator.attributes.dw
#            ^^^^ source.data-weave meta.directive.type.dw variable.object.member.dw
#                ^ source.data-weave meta.directive.type.dw keyword.operator.declaration.dw
#                 ^ source.data-weave meta.directive.type.dw
#                  ^^^^^^ source.data-weave meta.directive.type.dw support.class.dw
#                        ^ source.data-weave meta.directive.type.dw punctuation.separator.comma.dw
#                         ^ source.data-weave meta.directive.type.dw
#                          ^^^ source.data-weave meta.directive.type.dw variable.object.member.dw
#                             ^ source.data-weave meta.directive.type.dw keyword.operator.optional.dw
#                              ^ source.data-weave meta.directive.type.dw keyword.operator.declaration.dw
#                               ^ source.data-weave meta.directive.type.dw
#                                ^^^^^^ source.data-weave meta.directive.type.dw support.class.dw
#                                      ^ source.data-weave meta.directive.type.dw keyword.operator.attributes.dw
#                                       ^ source.data-weave meta.directive.type.dw keyword.operator.declaration.dw
#                                        ^ source.data-weave meta.directive.type.dw
#                                         ^^^^^^^^^^^ source.data-weave meta.directive.type.dw support.class.dw
#                                                    ^ source.data-weave meta.directive.type.dw punctuation.separator.comma.dw
>  foo @(name: String, age: Number)?: HttpHeaders
#^^ source.data-weave meta.directive.type.dw
#  ^^^ source.data-weave meta.directive.type.dw variable.object.member.dw
#     ^ source.data-weave meta.directive.type.dw
#      ^^ source.data-weave meta.directive.type.dw keyword.operator.attributes.dw
#        ^^^^ source.data-weave meta.directive.type.dw variable.object.member.dw
#            ^ source.data-weave meta.directive.type.dw keyword.operator.declaration.dw
#             ^ source.data-weave meta.directive.type.dw
#              ^^^^^^ source.data-weave meta.directive.type.dw support.class.dw
#                    ^ source.data-weave meta.directive.type.dw punctuation.separator.comma.dw
#                     ^ source.data-weave meta.directive.type.dw
#                      ^^^ source.data-weave meta.directive.type.dw variable.object.member.dw
#                         ^ source.data-weave meta.directive.type.dw keyword.operator.declaration.dw
#                          ^ source.data-weave meta.directive.type.dw
#                           ^^^^^^ source.data-weave meta.directive.type.dw support.class.dw
#                                 ^ source.data-weave meta.directive.type.dw keyword.operator.attributes.dw
#                                  ^ source.data-weave meta.directive.type.dw keyword.operator.optional.dw
#                                   ^ source.data-weave meta.directive.type.dw keyword.operator.declaration.dw
#                                    ^ source.data-weave meta.directive.type.dw
#                                     ^^^^^^^^^^^ source.data-weave meta.directive.type.dw support.class.dw
>}
#^ source.data-weave meta.directive.type.dw
>ns ns0 http://mulesoft.com/dw
#^^ source.data-weave meta.directive.ns.dw storage.type.dw
#  ^ source.data-weave meta.directive.ns.dw
#   ^^^ source.data-weave meta.directive.ns.dw entity.name.namespace.dw
#      ^ source.data-weave meta.directive.ns.dw
#       ^^^^^^^^^^^^^^^^^^^^^^ source.data-weave meta.directive.ns.dw meta.definition.ns.dw string.url.dw
>ns ns1 http://mulesoft.com/mule
#^^ source.data-weave meta.directive.ns.dw storage.type.dw
#  ^ source.data-weave meta.directive.ns.dw
#   ^^^ source.data-weave meta.directive.ns.dw entity.name.namespace.dw
#      ^ source.data-weave meta.directive.ns.dw
#       ^^^^^^^^^^^^^^^^^^^^^^^^ source.data-weave meta.directive.ns.dw meta.definition.ns.dw string.url.dw
>type FN = get: (key: String) -> T | Null
#^^^^ source.data-weave meta.directive.type.dw storage.type.dw
#    ^ source.data-weave meta.directive.type.dw
#     ^^ source.data-weave meta.directive.type.dw entity.name.type.dw
#       ^ source.data-weave meta.directive.type.dw
#        ^ source.data-weave meta.directive.type.dw keyword.other.dw
#         ^^^^^^ source.data-weave meta.directive.type.dw
#               ^ source.data-weave meta.directive.type.dw keyword.operator.grouping.dw
#                ^^^ source.data-weave meta.directive.type.dw variable.parameter.dw
#                   ^ source.data-weave meta.directive.type.dw keyword.operator.declaration.dw
#                    ^ source.data-weave meta.directive.type.dw
#                     ^^^^^^ source.data-weave meta.directive.type.dw support.class.dw
#                           ^^^^ source.data-weave meta.directive.type.dw keyword.operator.grouping.dw
#                               ^ source.data-weave meta.directive.type.dw
#                                ^ source.data-weave meta.directive.type.dw support.class.dw
#                                 ^ source.data-weave meta.directive.type.dw
#                                  ^ source.data-weave meta.directive.type.dw keyword.operator.declaration.dw
#                                   ^ source.data-weave meta.directive.type.dw
#                                    ^^^^ source.data-weave meta.directive.type.dw support.class.dw
>type FN = get: (String) -> T | Null
#^^^^ source.data-weave meta.directive.type.dw storage.type.dw
#    ^ source.data-weave meta.directive.type.dw
#     ^^ source.data-weave meta.directive.type.dw entity.name.type.dw
#       ^ source.data-weave meta.directive.type.dw
#        ^ source.data-weave meta.directive.type.dw keyword.other.dw
#         ^^^^^^ source.data-weave meta.directive.type.dw
#               ^ source.data-weave meta.directive.type.dw keyword.operator.grouping.dw
#                ^^^^^^ source.data-weave meta.directive.type.dw support.class.dw
#                      ^^^^ source.data-weave meta.directive.type.dw keyword.operator.grouping.dw
#                          ^ source.data-weave meta.directive.type.dw
#                           ^ source.data-weave meta.directive.type.dw support.class.dw
#                            ^ source.data-weave meta.directive.type.dw
#                             ^ source.data-weave meta.directive.type.dw keyword.operator.declaration.dw
#                              ^ source.data-weave meta.directive.type.dw
#                               ^^^^ source.data-weave meta.directive.type.dw support.class.dw
>type XmlUser = {
#^^^^ source.data-weave meta.directive.type.dw storage.type.dw
#    ^ source.data-weave meta.directive.type.dw
#     ^^^^^^^ source.data-weave meta.directive.type.dw entity.name.type.dw
#            ^ source.data-weave meta.directive.type.dw
#             ^ source.data-weave meta.directive.type.dw keyword.other.dw
#              ^ source.data-weave meta.directive.type.dw
#               ^ source.data-weave meta.directive.type.dw
>                  ns0#root:
#^^^^^^^^^^^^^^^^^^ source.data-weave meta.directive.type.dw
#                  ^^^^ source.data-weave meta.directive.type.dw variable.language.dw
#                      ^^^^ source.data-weave meta.directive.type.dw variable.object.member.dw
#                          ^ source.data-weave meta.directive.type.dw keyword.operator.declaration.dw
>                      {
#^^^^^^^^^^^^^^^^^^^^^^ source.data-weave meta.directive.type.dw
#                      ^ source.data-weave meta.directive.type.dw
>                        ns0#name: String,
#^^^^^^^^^^^^^^^^^^^^^^^^ source.data-weave meta.directive.type.dw
#                        ^^^^ source.data-weave meta.directive.type.dw variable.language.dw
#                            ^^^^ source.data-weave meta.directive.type.dw variable.object.member.dw
#                                ^ source.data-weave meta.directive.type.dw keyword.operator.declaration.dw
#                                 ^ source.data-weave meta.directive.type.dw
#                                  ^^^^^^ source.data-weave meta.directive.type.dw support.class.dw
#                                        ^ source.data-weave meta.directive.type.dw punctuation.separator.comma.dw
>                        ns0#lastName: String
#^^^^^^^^^^^^^^^^^^^^^^^^ source.data-weave meta.directive.type.dw
#                        ^^^^ source.data-weave meta.directive.type.dw variable.language.dw
#                            ^^^^^^^^ source.data-weave meta.directive.type.dw variable.object.member.dw
#                                    ^ source.data-weave meta.directive.type.dw keyword.operator.declaration.dw
#                                     ^ source.data-weave meta.directive.type.dw
#                                      ^^^^^^ source.data-weave meta.directive.type.dw support.class.dw
>                        }
#^^^^^^^^^^^^^^^^^^^^^^^^ source.data-weave meta.directive.type.dw
#                        ^ source.data-weave meta.directive.type.dw
>                  }
#^^^^^^^^^^^^^^^^^^ source.data-weave meta.directive.type.dw
#                  ^ source.data-weave meta.directive.type.dw
>
>type close = {| name: String, age: Number |}
#^^^^ source.data-weave meta.directive.type.dw storage.type.dw
#    ^ source.data-weave meta.directive.type.dw
#     ^^^^^ source.data-weave meta.directive.type.dw entity.name.type.dw
#          ^ source.data-weave meta.directive.type.dw
#           ^ source.data-weave meta.directive.type.dw keyword.other.dw
#            ^ source.data-weave meta.directive.type.dw
#             ^^ source.data-weave meta.directive.type.dw
#               ^ source.data-weave meta.directive.type.dw
#                ^^^^ source.data-weave meta.directive.type.dw variable.object.member.dw
#                    ^ source.data-weave meta.directive.type.dw keyword.operator.declaration.dw
#                     ^ source.data-weave meta.directive.type.dw
#                      ^^^^^^ source.data-weave meta.directive.type.dw support.class.dw
#                            ^ source.data-weave meta.directive.type.dw punctuation.separator.comma.dw
#                             ^ source.data-weave meta.directive.type.dw
#                              ^^^ source.data-weave meta.directive.type.dw variable.object.member.dw
#                                 ^ source.data-weave meta.directive.type.dw keyword.operator.declaration.dw
#                                  ^ source.data-weave meta.directive.type.dw
#                                   ^^^^^^ source.data-weave meta.directive.type.dw support.class.dw
#                                         ^ source.data-weave meta.directive.type.dw
#                                          ^^ source.data-weave meta.directive.type.dw
>type ordered = {- name: String, age: Number -}
#^^^^ source.data-weave meta.directive.type.dw storage.type.dw
#    ^ source.data-weave meta.directive.type.dw
#     ^^^^^^^ source.data-weave meta.directive.type.dw entity.name.type.dw
#            ^ source.data-weave meta.directive.type.dw
#             ^ source.data-weave meta.directive.type.dw keyword.other.dw
#              ^ source.data-weave meta.directive.type.dw
#               ^^ source.data-weave meta.directive.type.dw
#                 ^ source.data-weave meta.directive.type.dw
#                  ^^^^ source.data-weave meta.directive.type.dw variable.object.member.dw
#                      ^ source.data-weave meta.directive.type.dw keyword.operator.declaration.dw
#                       ^ source.data-weave meta.directive.type.dw
#                        ^^^^^^ source.data-weave meta.directive.type.dw support.class.dw
#                              ^ source.data-weave meta.directive.type.dw punctuation.separator.comma.dw
#                               ^ source.data-weave meta.directive.type.dw
#                                ^^^ source.data-weave meta.directive.type.dw variable.object.member.dw
#                                   ^ source.data-weave meta.directive.type.dw keyword.operator.declaration.dw
#                                    ^ source.data-weave meta.directive.type.dw
#                                     ^^^^^^ source.data-weave meta.directive.type.dw support.class.dw
#                                           ^ source.data-weave meta.directive.type.dw
#                                            ^^ source.data-weave meta.directive.type.dw
>type orderedClose = {-| name: String, age: Number |-}
#^^^^ source.data-weave meta.directive.type.dw storage.type.dw
#    ^ source.data-weave meta.directive.type.dw
#     ^^^^^^^^^^^^ source.data-weave meta.directive.type.dw entity.name.type.dw
#                 ^ source.data-weave meta.directive.type.dw
#                  ^ source.data-weave meta.directive.type.dw keyword.other.dw
#                   ^ source.data-weave meta.directive.type.dw
#                    ^^^ source.data-weave meta.directive.type.dw
#                       ^ source.data-weave meta.directive.type.dw
#                        ^^^^ source.data-weave meta.directive.type.dw variable.object.member.dw
#                            ^ source.data-weave meta.directive.type.dw keyword.operator.declaration.dw
#                             ^ source.data-weave meta.directive.type.dw
#                              ^^^^^^ source.data-weave meta.directive.type.dw support.class.dw
#                                    ^ source.data-weave meta.directive.type.dw punctuation.separator.comma.dw
#                                     ^ source.data-weave meta.directive.type.dw
#                                      ^^^ source.data-weave meta.directive.type.dw variable.object.member.dw
#                                         ^ source.data-weave meta.directive.type.dw keyword.operator.declaration.dw
#                                          ^ source.data-weave meta.directive.type.dw
#                                           ^^^^^^ source.data-weave meta.directive.type.dw support.class.dw
#                                                 ^ source.data-weave meta.directive.type.dw
#                                                  ^^^ source.data-weave meta.directive.type.dw
>type repeatedFields = {name: String, age: Number, friend *: String }
#^^^^ source.data-weave meta.directive.type.dw storage.type.dw
#    ^ source.data-weave meta.directive.type.dw
#     ^^^^^^^^^^^^^^ source.data-weave meta.directive.type.dw entity.name.type.dw
#                   ^ source.data-weave meta.directive.type.dw
#                    ^ source.data-weave meta.directive.type.dw keyword.other.dw
#                     ^ source.data-weave meta.directive.type.dw
#                      ^ source.data-weave meta.directive.type.dw
#                       ^^^^ source.data-weave meta.directive.type.dw variable.object.member.dw
#                           ^ source.data-weave meta.directive.type.dw keyword.operator.declaration.dw
#                            ^ source.data-weave meta.directive.type.dw
#                             ^^^^^^ source.data-weave meta.directive.type.dw support.class.dw
#                                   ^ source.data-weave meta.directive.type.dw punctuation.separator.comma.dw
#                                    ^ source.data-weave meta.directive.type.dw
#                                     ^^^ source.data-weave meta.directive.type.dw variable.object.member.dw
#                                        ^ source.data-weave meta.directive.type.dw keyword.operator.declaration.dw
#                                         ^ source.data-weave meta.directive.type.dw
#                                          ^^^^^^ source.data-weave meta.directive.type.dw support.class.dw
#                                                ^ source.data-weave meta.directive.type.dw punctuation.separator.comma.dw
#                                                 ^ source.data-weave meta.directive.type.dw
#                                                  ^^^^^^ source.data-weave meta.directive.type.dw variable.object.member.dw
#                                                        ^ source.data-weave meta.directive.type.dw
#                                                         ^ source.data-weave meta.directive.type.dw keyword.operator.optional.dw
#                                                          ^ source.data-weave meta.directive.type.dw keyword.operator.declaration.dw
#                                                           ^ source.data-weave meta.directive.type.dw
#                                                            ^^^^^^ source.data-weave meta.directive.type.dw support.class.dw
#                                                                  ^ source.data-weave meta.directive.type.dw
#                                                                   ^ source.data-weave meta.directive.type.dw
>type repeatedFieldsOptional = {name: String, age: Number, friend*: String , brother *?: String }
#^^^^ source.data-weave meta.directive.type.dw storage.type.dw
#    ^ source.data-weave meta.directive.type.dw
#     ^^^^^^^^^^^^^^^^^^^^^^ source.data-weave meta.directive.type.dw entity.name.type.dw
#                           ^ source.data-weave meta.directive.type.dw
#                            ^ source.data-weave meta.directive.type.dw keyword.other.dw
#                             ^ source.data-weave meta.directive.type.dw
#                              ^ source.data-weave meta.directive.type.dw
#                               ^^^^ source.data-weave meta.directive.type.dw variable.object.member.dw
#                                   ^ source.data-weave meta.directive.type.dw keyword.operator.declaration.dw
#                                    ^ source.data-weave meta.directive.type.dw
#                                     ^^^^^^ source.data-weave meta.directive.type.dw support.class.dw
#                                           ^ source.data-weave meta.directive.type.dw punctuation.separator.comma.dw
#                                            ^ source.data-weave meta.directive.type.dw
#                                             ^^^ source.data-weave meta.directive.type.dw variable.object.member.dw
#                                                ^ source.data-weave meta.directive.type.dw keyword.operator.declaration.dw
#                                                 ^ source.data-weave meta.directive.type.dw
#                                                  ^^^^^^ source.data-weave meta.directive.type.dw support.class.dw
#                                                        ^ source.data-weave meta.directive.type.dw punctuation.separator.comma.dw
#                                                         ^ source.data-weave meta.directive.type.dw
#                                                          ^^^^^^ source.data-weave meta.directive.type.dw variable.object.member.dw
#                                                                ^ source.data-weave meta.directive.type.dw keyword.operator.optional.dw
#                                                                 ^ source.data-weave meta.directive.type.dw keyword.operator.declaration.dw
#                                                                  ^ source.data-weave meta.directive.type.dw
#                                                                   ^^^^^^ source.data-weave meta.directive.type.dw support.class.dw
#                                                                         ^ source.data-weave meta.directive.type.dw
#                                                                          ^ source.data-weave meta.directive.type.dw punctuation.separator.comma.dw
#                                                                           ^ source.data-weave meta.directive.type.dw
#                                                                            ^^^^^^^ source.data-weave meta.directive.type.dw variable.object.member.dw
#                                                                                   ^ source.data-weave meta.directive.type.dw
#                                                                                    ^ source.data-weave meta.directive.type.dw keyword.operator.optional.dw
#                                                                                     ^ source.data-weave meta.directive.type.dw keyword.operator.optional.dw
#                                                                                      ^ source.data-weave meta.directive.type.dw keyword.operator.declaration.dw
#                                                                                       ^ source.data-weave meta.directive.type.dw
#                                                                                        ^^^^^^ source.data-weave meta.directive.type.dw support.class.dw
#                                                                                              ^ source.data-weave meta.directive.type.dw
#                                                                                               ^ source.data-weave meta.directive.type.dw
>type optionalField = {name?: String, age: Number}
#^^^^ source.data-weave meta.directive.type.dw storage.type.dw
#    ^ source.data-weave meta.directive.type.dw
#     ^^^^^^^^^^^^^ source.data-weave meta.directive.type.dw entity.name.type.dw
#                  ^ source.data-weave meta.directive.type.dw
#                   ^ source.data-weave meta.directive.type.dw keyword.other.dw
#                    ^ source.data-weave meta.directive.type.dw
#                     ^ source.data-weave meta.directive.type.dw
#                      ^^^^ source.data-weave meta.directive.type.dw variable.object.member.dw
#                          ^ source.data-weave meta.directive.type.dw keyword.operator.optional.dw
#                           ^ source.data-weave meta.directive.type.dw keyword.operator.declaration.dw
#                            ^ source.data-weave meta.directive.type.dw
#                             ^^^^^^ source.data-weave meta.directive.type.dw support.class.dw
#                                   ^ source.data-weave meta.directive.type.dw punctuation.separator.comma.dw
#                                    ^ source.data-weave meta.directive.type.dw
#                                     ^^^ source.data-weave meta.directive.type.dw variable.object.member.dw
#                                        ^ source.data-weave meta.directive.type.dw keyword.operator.declaration.dw
#                                         ^ source.data-weave meta.directive.type.dw
#                                          ^^^^^^ source.data-weave meta.directive.type.dw support.class.dw
#                                                ^ source.data-weave meta.directive.type.dw
>
>type Book = {name: String, authors: Array<User>, price: Number}
#^^^^ source.data-weave meta.directive.type.dw storage.type.dw
#    ^ source.data-weave meta.directive.type.dw
#     ^^^^ source.data-weave meta.directive.type.dw entity.name.type.dw
#         ^ source.data-weave meta.directive.type.dw
#          ^ source.data-weave meta.directive.type.dw keyword.other.dw
#           ^ source.data-weave meta.directive.type.dw
#            ^ source.data-weave meta.directive.type.dw
#             ^^^^ source.data-weave meta.directive.type.dw variable.object.member.dw
#                 ^ source.data-weave meta.directive.type.dw keyword.operator.declaration.dw
#                  ^ source.data-weave meta.directive.type.dw
#                   ^^^^^^ source.data-weave meta.directive.type.dw support.class.dw
#                         ^ source.data-weave meta.directive.type.dw punctuation.separator.comma.dw
#                          ^ source.data-weave meta.directive.type.dw
#                           ^^^^^^^ source.data-weave meta.directive.type.dw variable.object.member.dw
#                                  ^ source.data-weave meta.directive.type.dw keyword.operator.declaration.dw
#                                   ^ source.data-weave meta.directive.type.dw
#                                    ^^^^^ source.data-weave meta.directive.type.dw support.type.dw
#                                         ^ source.data-weave meta.directive.type.dw
#                                          ^^^^ source.data-weave meta.directive.type.dw support.class.dw
#                                              ^ source.data-weave meta.directive.type.dw
#                                               ^ source.data-weave meta.directive.type.dw punctuation.separator.comma.dw
#                                                ^ source.data-weave meta.directive.type.dw
#                                                 ^^^^^ source.data-weave meta.directive.type.dw variable.object.member.dw
#                                                      ^ source.data-weave meta.directive.type.dw keyword.operator.declaration.dw
#                                                       ^ source.data-weave meta.directive.type.dw
#                                                        ^^^^^^ source.data-weave meta.directive.type.dw support.class.dw
#                                                              ^ source.data-weave meta.directive.type.dw
>type User = {name: String,lastName: String, "key with spaces": Number}
#^^^^ source.data-weave meta.directive.type.dw storage.type.dw
#    ^ source.data-weave meta.directive.type.dw
#     ^^^^ source.data-weave meta.directive.type.dw entity.name.type.dw
#         ^ source.data-weave meta.directive.type.dw
#          ^ source.data-weave meta.directive.type.dw keyword.other.dw
#           ^ source.data-weave meta.directive.type.dw
#            ^ source.data-weave meta.directive.type.dw
#             ^^^^ source.data-weave meta.directive.type.dw variable.object.member.dw
#                 ^ source.data-weave meta.directive.type.dw keyword.operator.declaration.dw
#                  ^ source.data-weave meta.directive.type.dw
#                   ^^^^^^ source.data-weave meta.directive.type.dw support.class.dw
#                         ^ source.data-weave meta.directive.type.dw punctuation.separator.comma.dw
#                          ^^^^^^^^ source.data-weave meta.directive.type.dw variable.object.member.dw
#                                  ^ source.data-weave meta.directive.type.dw keyword.operator.declaration.dw
#                                   ^ source.data-weave meta.directive.type.dw
#                                    ^^^^^^ source.data-weave meta.directive.type.dw support.class.dw
#                                          ^ source.data-weave meta.directive.type.dw punctuation.separator.comma.dw
#                                           ^ source.data-weave meta.directive.type.dw
#                                            ^ source.data-weave meta.directive.type.dw string.quoted.double.dw punctuation.definition.string.begin.dw
#                                             ^ source.data-weave meta.directive.type.dw string.quoted.double.dw
#                                              ^ source.data-weave meta.directive.type.dw string.quoted.double.dw
#                                               ^ source.data-weave meta.directive.type.dw string.quoted.double.dw
#                                                ^ source.data-weave meta.directive.type.dw string.quoted.double.dw
#                                                 ^ source.data-weave meta.directive.type.dw string.quoted.double.dw
#                                                  ^ source.data-weave meta.directive.type.dw string.quoted.double.dw
#                                                   ^ source.data-weave meta.directive.type.dw string.quoted.double.dw
#                                                    ^ source.data-weave meta.directive.type.dw string.quoted.double.dw
#                                                     ^ source.data-weave meta.directive.type.dw string.quoted.double.dw
#                                                      ^ source.data-weave meta.directive.type.dw string.quoted.double.dw
#                                                       ^ source.data-weave meta.directive.type.dw string.quoted.double.dw
#                                                        ^ source.data-weave meta.directive.type.dw string.quoted.double.dw
#                                                         ^ source.data-weave meta.directive.type.dw string.quoted.double.dw
#                                                          ^ source.data-weave meta.directive.type.dw string.quoted.double.dw
#                                                           ^ source.data-weave meta.directive.type.dw string.quoted.double.dw
#                                                            ^ source.data-weave meta.directive.type.dw string.quoted.double.dw punctuation.definition.string.end.dw
#                                                             ^ source.data-weave meta.directive.type.dw keyword.operator.declaration.dw
#                                                              ^ source.data-weave meta.directive.type.dw
#                                                               ^^^^^^ source.data-weave meta.directive.type.dw support.class.dw
#                                                                     ^ source.data-weave meta.directive.type.dw
>type Account = {email: String, id: String}
#^^^^ source.data-weave meta.directive.type.dw storage.type.dw
#    ^ source.data-weave meta.directive.type.dw
#     ^^^^^^^ source.data-weave meta.directive.type.dw entity.name.type.dw
#            ^ source.data-weave meta.directive.type.dw
#             ^ source.data-weave meta.directive.type.dw keyword.other.dw
#              ^ source.data-weave meta.directive.type.dw
#               ^ source.data-weave meta.directive.type.dw
#                ^^^^^ source.data-weave meta.directive.type.dw variable.object.member.dw
#                     ^ source.data-weave meta.directive.type.dw keyword.operator.declaration.dw
#                      ^ source.data-weave meta.directive.type.dw
#                       ^^^^^^ source.data-weave meta.directive.type.dw support.class.dw
#                             ^ source.data-weave meta.directive.type.dw punctuation.separator.comma.dw
#                              ^ source.data-weave meta.directive.type.dw
#                               ^^ source.data-weave meta.directive.type.dw variable.object.member.dw
#                                 ^ source.data-weave meta.directive.type.dw keyword.operator.declaration.dw
#                                  ^ source.data-weave meta.directive.type.dw
#                                   ^^^^^^ source.data-weave meta.directive.type.dw support.class.dw
#                                         ^ source.data-weave meta.directive.type.dw
>type MyUser = Object {class: "com.mulesoft.MyUser"}
#^^^^ source.data-weave meta.directive.type.dw storage.type.dw
#    ^ source.data-weave meta.directive.type.dw
#     ^^^^^^ source.data-weave meta.directive.type.dw entity.name.type.dw
#           ^ source.data-weave meta.directive.type.dw
#            ^ source.data-weave meta.directive.type.dw keyword.other.dw
#             ^ source.data-weave meta.directive.type.dw
#              ^^^^^^ source.data-weave meta.directive.type.dw support.class.dw
#                    ^ source.data-weave meta.directive.type.dw
#                     ^ source.data-weave meta.directive.type.dw
#                      ^^^^^ source.data-weave meta.directive.type.dw variable.object.member.dw
#                           ^ source.data-weave meta.directive.type.dw keyword.operator.declaration.dw
#                            ^ source.data-weave meta.directive.type.dw
#                             ^ source.data-weave meta.directive.type.dw string.quoted.double.dw punctuation.definition.string.begin.dw
#                              ^ source.data-weave meta.directive.type.dw string.quoted.double.dw
#                               ^ source.data-weave meta.directive.type.dw string.quoted.double.dw
#                                ^ source.data-weave meta.directive.type.dw string.quoted.double.dw
#                                 ^ source.data-weave meta.directive.type.dw string.quoted.double.dw
#                                  ^ source.data-weave meta.directive.type.dw string.quoted.double.dw
#                                   ^ source.data-weave meta.directive.type.dw string.quoted.double.dw
#                                    ^ source.data-weave meta.directive.type.dw string.quoted.double.dw
#                                     ^ source.data-weave meta.directive.type.dw string.quoted.double.dw
#                                      ^ source.data-weave meta.directive.type.dw string.quoted.double.dw
#                                       ^ source.data-weave meta.directive.type.dw string.quoted.double.dw
#                                        ^ source.data-weave meta.directive.type.dw string.quoted.double.dw
#                                         ^ source.data-weave meta.directive.type.dw string.quoted.double.dw
#                                          ^ source.data-weave meta.directive.type.dw string.quoted.double.dw
#                                           ^ source.data-weave meta.directive.type.dw string.quoted.double.dw
#                                            ^ source.data-weave meta.directive.type.dw string.quoted.double.dw
#                                             ^ source.data-weave meta.directive.type.dw string.quoted.double.dw
#                                              ^ source.data-weave meta.directive.type.dw string.quoted.double.dw
#                                               ^ source.data-weave meta.directive.type.dw string.quoted.double.dw
#                                                ^ source.data-weave meta.directive.type.dw string.quoted.double.dw
#                                                 ^ source.data-weave meta.directive.type.dw string.quoted.double.dw punctuation.definition.string.end.dw
#                                                  ^ source.data-weave meta.directive.type.dw
>
>type IHashMap<T> = {
#^^^^ source.data-weave meta.directive.type.dw storage.type.dw
#    ^ source.data-weave meta.directive.type.dw
#     ^^^^^^^^ source.data-weave meta.directive.type.dw entity.name.type.dw
#             ^ source.data-weave meta.directive.type.dw
#              ^ source.data-weave meta.directive.type.dw entity.name.type.parameter.dw
#               ^ source.data-weave meta.directive.type.dw
#                ^ source.data-weave meta.directive.type.dw
#                 ^ source.data-weave meta.directive.type.dw keyword.other.dw
#                  ^ source.data-weave meta.directive.type.dw
#                   ^ source.data-weave meta.directive.type.dw
>  get: (key: String) -> T | Null,
#^^ source.data-weave meta.directive.type.dw
#  ^^^ source.data-weave meta.directive.type.dw variable.object.member.dw
#     ^ source.data-weave meta.directive.type.dw keyword.operator.declaration.dw
#      ^ source.data-weave meta.directive.type.dw
#       ^ source.data-weave meta.directive.type.dw keyword.operator.grouping.dw
#        ^^^ source.data-weave meta.directive.type.dw variable.parameter.dw
#           ^ source.data-weave meta.directive.type.dw keyword.operator.declaration.dw
#            ^ source.data-weave meta.directive.type.dw
#             ^^^^^^ source.data-weave meta.directive.type.dw support.class.dw
#                   ^^^^ source.data-weave meta.directive.type.dw keyword.operator.grouping.dw
#                       ^ source.data-weave meta.directive.type.dw
#                        ^ source.data-weave meta.directive.type.dw support.class.dw
#                         ^ source.data-weave meta.directive.type.dw
#                          ^ source.data-weave meta.directive.type.dw keyword.operator.declaration.dw
#                           ^ source.data-weave meta.directive.type.dw
#                            ^^^^ source.data-weave meta.directive.type.dw support.class.dw
#                                ^ source.data-weave meta.directive.type.dw punctuation.separator.comma.dw
>  set: (key: String, value: T) -> HashMapSetOperation<T>,
#^^ source.data-weave meta.directive.type.dw
#  ^^^ source.data-weave meta.directive.type.dw variable.object.member.dw
#     ^ source.data-weave meta.directive.type.dw keyword.operator.declaration.dw
#      ^ source.data-weave meta.directive.type.dw
#       ^ source.data-weave meta.directive.type.dw keyword.operator.grouping.dw
#        ^^^ source.data-weave meta.directive.type.dw variable.parameter.dw
#           ^ source.data-weave meta.directive.type.dw keyword.operator.declaration.dw
#            ^ source.data-weave meta.directive.type.dw
#             ^^^^^^ source.data-weave meta.directive.type.dw support.class.dw
#                   ^^ source.data-weave meta.directive.type.dw
#                     ^^^^^ source.data-weave meta.directive.type.dw variable.parameter.dw
#                          ^ source.data-weave meta.directive.type.dw keyword.operator.declaration.dw
#                           ^ source.data-weave meta.directive.type.dw
#                            ^ source.data-weave meta.directive.type.dw support.class.dw
#                             ^^^^ source.data-weave meta.directive.type.dw keyword.operator.grouping.dw
#                                 ^ source.data-weave meta.directive.type.dw
#                                  ^^^^^^^^^^^^^^^^^^^ source.data-weave meta.directive.type.dw support.class.dw
#                                                     ^ source.data-weave meta.directive.type.dw
#                                                      ^ source.data-weave meta.directive.type.dw support.class.dw
#                                                       ^ source.data-weave meta.directive.type.dw
#                                                        ^ source.data-weave meta.directive.type.dw punctuation.separator.comma.dw
>  instance: Any,
#^^ source.data-weave meta.directive.type.dw
#  ^^^^^^^^ source.data-weave meta.directive.type.dw variable.object.member.dw
#          ^ source.data-weave meta.directive.type.dw keyword.operator.declaration.dw
#           ^ source.data-weave meta.directive.type.dw
#            ^^^ source.data-weave meta.directive.type.dw support.class.dw
#               ^ source.data-weave meta.directive.type.dw punctuation.separator.comma.dw
>  getAll: () -> { _?: T }
#^^ source.data-weave meta.directive.type.dw
#  ^^^^^^ source.data-weave meta.directive.type.dw variable.object.member.dw
#        ^ source.data-weave meta.directive.type.dw keyword.operator.declaration.dw
#         ^ source.data-weave meta.directive.type.dw
#          ^ source.data-weave meta.directive.type.dw keyword.operator.grouping.dw
#           ^^^^ source.data-weave meta.directive.type.dw keyword.operator.grouping.dw
#               ^ source.data-weave meta.directive.type.dw
#                ^ source.data-weave meta.directive.type.dw
#                 ^ source.data-weave meta.directive.type.dw
#                  ^ source.data-weave meta.directive.type.dw variable.language.dw
#                   ^ source.data-weave meta.directive.type.dw keyword.operator.optional.dw
#                    ^ source.data-weave meta.directive.type.dw keyword.operator.declaration.dw
#                     ^ source.data-weave meta.directive.type.dw
#                      ^ source.data-weave meta.directive.type.dw support.class.dw
#                       ^ source.data-weave meta.directive.type.dw
#                        ^ source.data-weave meta.directive.type.dw
>}
#^ source.data-weave meta.directive.type.dw
>
>type HashMapSetOperation<T> = {|
#^^^^ source.data-weave meta.directive.type.dw storage.type.dw
#    ^ source.data-weave meta.directive.type.dw
#     ^^^^^^^^^^^^^^^^^^^ source.data-weave meta.directive.type.dw entity.name.type.dw
#                        ^ source.data-weave meta.directive.type.dw
#                         ^ source.data-weave meta.directive.type.dw entity.name.type.parameter.dw
#                          ^ source.data-weave meta.directive.type.dw
#                           ^ source.data-weave meta.directive.type.dw
#                            ^ source.data-weave meta.directive.type.dw keyword.other.dw
#                             ^ source.data-weave meta.directive.type.dw
#                              ^^ source.data-weave meta.directive.type.dw
>  operation: String,
#^^ source.data-weave meta.directive.type.dw
#  ^^^^^^^^^ source.data-weave meta.directive.type.dw variable.object.member.dw
#           ^ source.data-weave meta.directive.type.dw keyword.operator.declaration.dw
#            ^ source.data-weave meta.directive.type.dw
#             ^^^^^^ source.data-weave meta.directive.type.dw support.class.dw
#                   ^ source.data-weave meta.directive.type.dw punctuation.separator.comma.dw
>  prevValue: T | Null & Dsa,
#^^ source.data-weave meta.directive.type.dw
#  ^^^^^^^^^ source.data-weave meta.directive.type.dw variable.object.member.dw
#           ^ source.data-weave meta.directive.type.dw keyword.operator.declaration.dw
#            ^ source.data-weave meta.directive.type.dw
#             ^ source.data-weave meta.directive.type.dw support.class.dw
#              ^ source.data-weave meta.directive.type.dw
#               ^ source.data-weave meta.directive.type.dw keyword.operator.declaration.dw
#                ^ source.data-weave meta.directive.type.dw
#                 ^^^^ source.data-weave meta.directive.type.dw support.class.dw
#                     ^ source.data-weave meta.directive.type.dw
#                      ^ source.data-weave meta.directive.type.dw keyword.operator.declaration.dw
#                       ^ source.data-weave meta.directive.type.dw
#                        ^^^ source.data-weave meta.directive.type.dw support.class.dw
#                           ^ source.data-weave meta.directive.type.dw punctuation.separator.comma.dw
>  newValue: T,
#^^ source.data-weave meta.directive.type.dw
#  ^^^^^^^^ source.data-weave meta.directive.type.dw variable.object.member.dw
#          ^ source.data-weave meta.directive.type.dw keyword.operator.declaration.dw
#           ^ source.data-weave meta.directive.type.dw
#            ^ source.data-weave meta.directive.type.dw support.class.dw
#             ^ source.data-weave meta.directive.type.dw punctuation.separator.comma.dw
>  key: String
#^^ source.data-weave meta.directive.type.dw
#  ^^^ source.data-weave meta.directive.type.dw variable.object.member.dw
#     ^ source.data-weave meta.directive.type.dw keyword.operator.declaration.dw
#      ^ source.data-weave meta.directive.type.dw
#       ^^^^^^ source.data-weave meta.directive.type.dw support.class.dw
>|}
#^^ source.data-weave meta.directive.type.dw
>
>fun HashMap(): IHashMap<Any> = native("bat::HashMap")
#^^^ source.data-weave meta.directive.fun.dw storage.type.dw
#   ^ source.data-weave meta.directive.fun.dw
#    ^^^^^^^ source.data-weave meta.directive.fun.dw entity.name.function.dw
#           ^ source.data-weave meta.directive.fun.dw
#            ^ source.data-weave meta.directive.fun.dw
#             ^ source.data-weave meta.directive.fun.dw keyword.operator.declaration.dw
#              ^ source.data-weave meta.directive.fun.dw
#               ^^^^^^^^ source.data-weave meta.directive.fun.dw support.class.dw
#                       ^ source.data-weave meta.directive.fun.dw
#                        ^^^ source.data-weave meta.directive.fun.dw support.class.dw
#                           ^ source.data-weave meta.directive.fun.dw
#                            ^ source.data-weave meta.directive.fun.dw
#                             ^ source.data-weave meta.directive.fun.dw keyword.operator.assignment.dw
#                              ^ source.data-weave
#                               ^^^^^^ source.data-weave variable.other.dw
#                                     ^ source.data-weave punctuation.expression.begin.dw
#                                      ^ source.data-weave string.quoted.double.dw punctuation.definition.string.begin.dw
#                                       ^ source.data-weave string.quoted.double.dw
#                                        ^ source.data-weave string.quoted.double.dw
#                                         ^ source.data-weave string.quoted.double.dw
#                                          ^ source.data-weave string.quoted.double.dw
#                                           ^ source.data-weave string.quoted.double.dw
#                                            ^ source.data-weave string.quoted.double.dw
#                                             ^ source.data-weave string.quoted.double.dw
#                                              ^ source.data-weave string.quoted.double.dw
#                                               ^ source.data-weave string.quoted.double.dw
#                                                ^ source.data-weave string.quoted.double.dw
#                                                 ^ source.data-weave string.quoted.double.dw
#                                                  ^ source.data-weave string.quoted.double.dw
#                                                   ^ source.data-weave string.quoted.double.dw punctuation.definition.string.end.dw
#                                                    ^ source.data-weave punctuation.expression.end.dw
>
>type IListBuffer<T> = {
#^^^^ source.data-weave meta.directive.type.dw storage.type.dw
#    ^ source.data-weave meta.directive.type.dw
#     ^^^^^^^^^^^ source.data-weave meta.directive.type.dw entity.name.type.dw
#                ^ source.data-weave meta.directive.type.dw
#                 ^ source.data-weave meta.directive.type.dw entity.name.type.parameter.dw
#                  ^ source.data-weave meta.directive.type.dw
#                   ^ source.data-weave meta.directive.type.dw
#                    ^ source.data-weave meta.directive.type.dw keyword.other.dw
#                     ^ source.data-weave meta.directive.type.dw
#                      ^ source.data-weave meta.directive.type.dw
>  peek: () -> T,
#^^ source.data-weave meta.directive.type.dw
#  ^^^^ source.data-weave meta.directive.type.dw variable.object.member.dw
#      ^ source.data-weave meta.directive.type.dw keyword.operator.declaration.dw
#       ^ source.data-weave meta.directive.type.dw
#        ^ source.data-weave meta.directive.type.dw keyword.operator.grouping.dw
#         ^^^^ source.data-weave meta.directive.type.dw keyword.operator.grouping.dw
#             ^ source.data-weave meta.directive.type.dw
#              ^ source.data-weave meta.directive.type.dw support.class.dw
#               ^ source.data-weave meta.directive.type.dw punctuation.separator.comma.dw
>  pop: () -> T,
#^^ source.data-weave meta.directive.type.dw
#  ^^^ source.data-weave meta.directive.type.dw variable.object.member.dw
#     ^ source.data-weave meta.directive.type.dw keyword.operator.declaration.dw
#      ^ source.data-weave meta.directive.type.dw
#       ^ source.data-weave meta.directive.type.dw keyword.operator.grouping.dw
#        ^^^^ source.data-weave meta.directive.type.dw keyword.operator.grouping.dw
#            ^ source.data-weave meta.directive.type.dw
#             ^ source.data-weave meta.directive.type.dw support.class.dw
#              ^ source.data-weave meta.directive.type.dw punctuation.separator.comma.dw
>  push: (item: T) -> T,
#^^ source.data-weave meta.directive.type.dw
#  ^^^^ source.data-weave meta.directive.type.dw variable.object.member.dw
#      ^ source.data-weave meta.directive.type.dw keyword.operator.declaration.dw
#       ^ source.data-weave meta.directive.type.dw
#        ^ source.data-weave meta.directive.type.dw keyword.operator.grouping.dw
#         ^^^^ source.data-weave meta.directive.type.dw variable.parameter.dw
#             ^ source.data-weave meta.directive.type.dw keyword.operator.declaration.dw
#              ^ source.data-weave meta.directive.type.dw
#               ^ source.data-weave meta.directive.type.dw support.class.dw
#                ^^^^ source.data-weave meta.directive.type.dw keyword.operator.grouping.dw
#                    ^ source.data-weave meta.directive.type.dw
#                     ^ source.data-weave meta.directive.type.dw support.class.dw
#                      ^ source.data-weave meta.directive.type.dw punctuation.separator.comma.dw
>  removeAt: (at: Number) -> T,
#^^ source.data-weave meta.directive.type.dw
#  ^^^^^^^^ source.data-weave meta.directive.type.dw variable.object.member.dw
#          ^ source.data-weave meta.directive.type.dw keyword.operator.declaration.dw
#           ^ source.data-weave meta.directive.type.dw
#            ^ source.data-weave meta.directive.type.dw keyword.operator.grouping.dw
#             ^^ source.data-weave meta.directive.type.dw variable.parameter.dw
#               ^ source.data-weave meta.directive.type.dw keyword.operator.declaration.dw
#                ^ source.data-weave meta.directive.type.dw
#                 ^^^^^^ source.data-weave meta.directive.type.dw support.class.dw
#                       ^^^^ source.data-weave meta.directive.type.dw keyword.operator.grouping.dw
#                           ^ source.data-weave meta.directive.type.dw
#                            ^ source.data-weave meta.directive.type.dw support.class.dw
#                             ^ source.data-weave meta.directive.type.dw punctuation.separator.comma.dw
>  getAt: (at: Number) -> T,
#^^ source.data-weave meta.directive.type.dw
#  ^^^^^ source.data-weave meta.directive.type.dw variable.object.member.dw
#       ^ source.data-weave meta.directive.type.dw keyword.operator.declaration.dw
#        ^ source.data-weave meta.directive.type.dw
#         ^ source.data-weave meta.directive.type.dw keyword.operator.grouping.dw
#          ^^ source.data-weave meta.directive.type.dw variable.parameter.dw
#            ^ source.data-weave meta.directive.type.dw keyword.operator.declaration.dw
#             ^ source.data-weave meta.directive.type.dw
#              ^^^^^^ source.data-weave meta.directive.type.dw support.class.dw
#                    ^^^^ source.data-weave meta.directive.type.dw keyword.operator.grouping.dw
#                        ^ source.data-weave meta.directive.type.dw
#                         ^ source.data-weave meta.directive.type.dw support.class.dw
#                          ^ source.data-weave meta.directive.type.dw punctuation.separator.comma.dw
>  setAt: (at: Number, item: T) -> T,
#^^ source.data-weave meta.directive.type.dw
#  ^^^^^ source.data-weave meta.directive.type.dw variable.object.member.dw
#       ^ source.data-weave meta.directive.type.dw keyword.operator.declaration.dw
#        ^ source.data-weave meta.directive.type.dw
#         ^ source.data-weave meta.directive.type.dw keyword.operator.grouping.dw
#          ^^ source.data-weave meta.directive.type.dw variable.parameter.dw
#            ^ source.data-weave meta.directive.type.dw keyword.operator.declaration.dw
#             ^ source.data-weave meta.directive.type.dw
#              ^^^^^^ source.data-weave meta.directive.type.dw support.class.dw
#                    ^^ source.data-weave meta.directive.type.dw
#                      ^^^^ source.data-weave meta.directive.type.dw variable.parameter.dw
#                          ^ source.data-weave meta.directive.type.dw keyword.operator.declaration.dw
#                           ^ source.data-weave meta.directive.type.dw
#                            ^ source.data-weave meta.directive.type.dw support.class.dw
#                             ^^^^ source.data-weave meta.directive.type.dw keyword.operator.grouping.dw
#                                 ^ source.data-weave meta.directive.type.dw
#                                  ^ source.data-weave meta.directive.type.dw support.class.dw
#                                   ^ source.data-weave meta.directive.type.dw punctuation.separator.comma.dw
>  instance: Any,
#^^ source.data-weave meta.directive.type.dw
#  ^^^^^^^^ source.data-weave meta.directive.type.dw variable.object.member.dw
#          ^ source.data-weave meta.directive.type.dw keyword.operator.declaration.dw
#           ^ source.data-weave meta.directive.type.dw
#            ^^^ source.data-weave meta.directive.type.dw support.class.dw
#               ^ source.data-weave meta.directive.type.dw punctuation.separator.comma.dw
>  items: () -> Array<T>,
#^^ source.data-weave meta.directive.type.dw
#  ^^^^^ source.data-weave meta.directive.type.dw variable.object.member.dw
#       ^ source.data-weave meta.directive.type.dw keyword.operator.declaration.dw
#        ^ source.data-weave meta.directive.type.dw
#         ^ source.data-weave meta.directive.type.dw keyword.operator.grouping.dw
#          ^^^^ source.data-weave meta.directive.type.dw keyword.operator.grouping.dw
#              ^ source.data-weave meta.directive.type.dw
#               ^^^^^ source.data-weave meta.directive.type.dw support.type.dw
#                    ^ source.data-weave meta.directive.type.dw
#                     ^ source.data-weave meta.directive.type.dw support.class.dw
#                      ^ source.data-weave meta.directive.type.dw
#                       ^ source.data-weave meta.directive.type.dw punctuation.separator.comma.dw
>  length: () -> Number
#^^ source.data-weave meta.directive.type.dw
#  ^^^^^^ source.data-weave meta.directive.type.dw variable.object.member.dw
#        ^ source.data-weave meta.directive.type.dw keyword.operator.declaration.dw
#         ^ source.data-weave meta.directive.type.dw
#          ^ source.data-weave meta.directive.type.dw keyword.operator.grouping.dw
#           ^^^^ source.data-weave meta.directive.type.dw keyword.operator.grouping.dw
#               ^ source.data-weave meta.directive.type.dw
#                ^^^^^^ source.data-weave meta.directive.type.dw support.class.dw
>}
#^ source.data-weave meta.directive.type.dw
>
>fun ListBuffer(): IListBuffer<Any> = native("bat::ListBuffer")
#^^^ source.data-weave meta.directive.fun.dw storage.type.dw
#   ^ source.data-weave meta.directive.fun.dw
#    ^^^^^^^^^^ source.data-weave meta.directive.fun.dw entity.name.function.dw
#              ^ source.data-weave meta.directive.fun.dw
#               ^ source.data-weave meta.directive.fun.dw
#                ^ source.data-weave meta.directive.fun.dw keyword.operator.declaration.dw
#                 ^ source.data-weave meta.directive.fun.dw
#                  ^^^^^^^^^^^ source.data-weave meta.directive.fun.dw support.class.dw
#                             ^ source.data-weave meta.directive.fun.dw
#                              ^^^ source.data-weave meta.directive.fun.dw support.class.dw
#                                 ^ source.data-weave meta.directive.fun.dw
#                                  ^ source.data-weave meta.directive.fun.dw
#                                   ^ source.data-weave meta.directive.fun.dw keyword.operator.assignment.dw
#                                    ^ source.data-weave
#                                     ^^^^^^ source.data-weave variable.other.dw
#                                           ^ source.data-weave punctuation.expression.begin.dw
#                                            ^ source.data-weave string.quoted.double.dw punctuation.definition.string.begin.dw
#                                             ^ source.data-weave string.quoted.double.dw
#                                              ^ source.data-weave string.quoted.double.dw
#                                               ^ source.data-weave string.quoted.double.dw
#                                                ^ source.data-weave string.quoted.double.dw
#                                                 ^ source.data-weave string.quoted.double.dw
#                                                  ^ source.data-weave string.quoted.double.dw
#                                                   ^ source.data-weave string.quoted.double.dw
#                                                    ^ source.data-weave string.quoted.double.dw
#                                                     ^ source.data-weave string.quoted.double.dw
#                                                      ^ source.data-weave string.quoted.double.dw
#                                                       ^ source.data-weave string.quoted.double.dw
#                                                        ^ source.data-weave string.quoted.double.dw
#                                                         ^ source.data-weave string.quoted.double.dw
#                                                          ^ source.data-weave string.quoted.double.dw
#                                                           ^ source.data-weave string.quoted.double.dw
#                                                            ^ source.data-weave string.quoted.double.dw punctuation.definition.string.end.dw
#                                                             ^ source.data-weave punctuation.expression.end.dw
>
>fun test(value:Null):Null = null
#^^^ source.data-weave meta.directive.fun.dw storage.type.dw
#   ^ source.data-weave meta.directive.fun.dw
#    ^^^^ source.data-weave meta.directive.fun.dw entity.name.function.dw
#        ^ source.data-weave meta.directive.fun.dw
#         ^^^^^ source.data-weave meta.directive.fun.dw variable.parameter.dw
#              ^ source.data-weave meta.directive.fun.dw keyword.operator.declaration.dw
#               ^^^^ source.data-weave meta.directive.fun.dw support.class.dw
#                   ^ source.data-weave meta.directive.fun.dw
#                    ^ source.data-weave meta.directive.fun.dw keyword.operator.declaration.dw
#                     ^^^^ source.data-weave meta.directive.fun.dw support.class.dw
#                         ^ source.data-weave meta.directive.fun.dw
#                          ^ source.data-weave meta.directive.fun.dw keyword.operator.assignment.dw
#                           ^ source.data-weave
#                            ^^^^ source.data-weave constant.language.dw
>
>fun test2(value:Null, callback:(Nothing,Nothing) -> Any):Null = null
#^^^ source.data-weave meta.directive.fun.dw storage.type.dw
#   ^ source.data-weave meta.directive.fun.dw
#    ^^^^^ source.data-weave meta.directive.fun.dw entity.name.function.dw
#         ^ source.data-weave meta.directive.fun.dw
#          ^^^^^ source.data-weave meta.directive.fun.dw variable.parameter.dw
#               ^ source.data-weave meta.directive.fun.dw keyword.operator.declaration.dw
#                ^^^^ source.data-weave meta.directive.fun.dw support.class.dw
#                    ^^ source.data-weave meta.directive.fun.dw
#                      ^^^^^^^^ source.data-weave meta.directive.fun.dw variable.parameter.dw
#                              ^ source.data-weave meta.directive.fun.dw keyword.operator.declaration.dw
#                               ^ source.data-weave meta.directive.fun.dw keyword.operator.grouping.dw
#                                ^^^^^^^ source.data-weave meta.directive.fun.dw support.class.dw
#                                       ^ source.data-weave meta.directive.fun.dw
#                                        ^^^^^^^ source.data-weave meta.directive.fun.dw support.class.dw
#                                               ^^^^ source.data-weave meta.directive.fun.dw keyword.operator.grouping.dw
#                                                   ^ source.data-weave meta.directive.fun.dw
#                                                    ^^^ source.data-weave meta.directive.fun.dw support.class.dw
#                                                       ^ source.data-weave meta.directive.fun.dw
#                                                        ^ source.data-weave meta.directive.fun.dw keyword.operator.declaration.dw
#                                                         ^^^^ source.data-weave meta.directive.fun.dw support.class.dw
#                                                             ^ source.data-weave meta.directive.fun.dw
#                                                              ^ source.data-weave meta.directive.fun.dw keyword.operator.assignment.dw
#                                                               ^ source.data-weave
#                                                                ^^^^ source.data-weave constant.language.dw
>
>fun toAccount(user: User) : Account = {
#^^^ source.data-weave meta.directive.fun.dw storage.type.dw
#   ^ source.data-weave meta.directive.fun.dw
#    ^^^^^^^^^ source.data-weave meta.directive.fun.dw entity.name.function.dw
#             ^ source.data-weave meta.directive.fun.dw
#              ^^^^ source.data-weave meta.directive.fun.dw variable.parameter.dw
#                  ^ source.data-weave meta.directive.fun.dw keyword.operator.declaration.dw
#                   ^ source.data-weave meta.directive.fun.dw
#                    ^^^^ source.data-weave meta.directive.fun.dw support.class.dw
#                        ^ source.data-weave meta.directive.fun.dw
#                         ^ source.data-weave meta.directive.fun.dw
#                          ^ source.data-weave meta.directive.fun.dw keyword.operator.declaration.dw
#                           ^ source.data-weave meta.directive.fun.dw
#                            ^^^^^^^ source.data-weave meta.directive.fun.dw support.class.dw
#                                   ^ source.data-weave meta.directive.fun.dw
#                                    ^ source.data-weave meta.directive.fun.dw keyword.operator.assignment.dw
#                                     ^ source.data-weave
#                                      ^ source.data-weave meta.objectliteral.dw punctuation.definition.block.dw
>   email: "$(user.name).$(user.lastName)@mulesoft.com",
#^^^ source.data-weave meta.objectliteral.dw
#   ^^^^^ source.data-weave meta.objectliteral.dw variable.object.member.dw
#        ^ source.data-weave meta.objectliteral.dw variable.object.member.dw meta.object-literal.key.dw punctuation.separator.key-value.dw
#         ^ source.data-weave meta.objectliteral.dw variable.object.member.dw
#          ^ source.data-weave meta.objectliteral.dw variable.object.member.dw string.quoted.double.dw punctuation.definition.string.begin.dw
#           ^^ source.data-weave meta.objectliteral.dw variable.object.member.dw meta.template.expression.dw keyword.other.dw
#             ^^^^ source.data-weave meta.objectliteral.dw variable.object.member.dw meta.template.expression.dw variable.other.dw
#                 ^ source.data-weave meta.objectliteral.dw variable.object.member.dw meta.template.expression.dw meta.selector.data-weave
#                  ^^^^ source.data-weave meta.objectliteral.dw variable.object.member.dw meta.template.expression.dw meta.selector.data-weave variable.object.member.dw
#                      ^ source.data-weave meta.objectliteral.dw variable.object.member.dw meta.template.expression.dw keyword.other.dw
#                       ^ source.data-weave meta.objectliteral.dw variable.object.member.dw string.quoted.double.dw
#                        ^^ source.data-weave meta.objectliteral.dw variable.object.member.dw meta.template.expression.dw keyword.other.dw
#                          ^^^^ source.data-weave meta.objectliteral.dw variable.object.member.dw meta.template.expression.dw variable.other.dw
#                              ^ source.data-weave meta.objectliteral.dw variable.object.member.dw meta.template.expression.dw meta.selector.data-weave
#                               ^^^^^^^^ source.data-weave meta.objectliteral.dw variable.object.member.dw meta.template.expression.dw meta.selector.data-weave variable.object.member.dw
#                                       ^ source.data-weave meta.objectliteral.dw variable.object.member.dw meta.template.expression.dw keyword.other.dw
#                                        ^ source.data-weave meta.objectliteral.dw variable.object.member.dw string.quoted.double.dw
#                                         ^ source.data-weave meta.objectliteral.dw variable.object.member.dw string.quoted.double.dw
#                                          ^ source.data-weave meta.objectliteral.dw variable.object.member.dw string.quoted.double.dw
#                                           ^ source.data-weave meta.objectliteral.dw variable.object.member.dw string.quoted.double.dw
#                                            ^ source.data-weave meta.objectliteral.dw variable.object.member.dw string.quoted.double.dw
#                                             ^ source.data-weave meta.objectliteral.dw variable.object.member.dw string.quoted.double.dw
#                                              ^ source.data-weave meta.objectliteral.dw variable.object.member.dw string.quoted.double.dw
#                                               ^ source.data-weave meta.objectliteral.dw variable.object.member.dw string.quoted.double.dw
#                                                ^ source.data-weave meta.objectliteral.dw variable.object.member.dw string.quoted.double.dw
#                                                 ^ source.data-weave meta.objectliteral.dw variable.object.member.dw string.quoted.double.dw
#                                                  ^ source.data-weave meta.objectliteral.dw variable.object.member.dw string.quoted.double.dw
#                                                   ^ source.data-weave meta.objectliteral.dw variable.object.member.dw string.quoted.double.dw
#                                                    ^ source.data-weave meta.objectliteral.dw variable.object.member.dw string.quoted.double.dw
#                                                     ^ source.data-weave meta.objectliteral.dw variable.object.member.dw string.quoted.double.dw punctuation.definition.string.end.dw
#                                                      ^ source.data-weave meta.objectliteral.dw punctuation.separator.comma.dw
>   id: user.name
#^^^ source.data-weave meta.objectliteral.dw
#   ^^ source.data-weave meta.objectliteral.dw variable.object.member.dw
#     ^ source.data-weave meta.objectliteral.dw variable.object.member.dw meta.object-literal.key.dw punctuation.separator.key-value.dw
#      ^ source.data-weave meta.objectliteral.dw variable.object.member.dw
#       ^^^^ source.data-weave meta.objectliteral.dw variable.object.member.dw variable.other.dw
#           ^ source.data-weave meta.objectliteral.dw variable.object.member.dw meta.selector.data-weave
#            ^^^^ source.data-weave meta.objectliteral.dw variable.object.member.dw meta.selector.data-weave variable.object.member.dw
>}
#^ source.data-weave meta.objectliteral.dw punctuation.definition.block.dw
>---
#^^^ source.data-weave keyword.operator.body-marker.dw
>toAccount({name: "Mariano", lastName: "Achaval"})
#^^^^^^^^^ source.data-weave variable.other.dw
#         ^ source.data-weave punctuation.expression.begin.dw
#          ^ source.data-weave meta.objectliteral.dw punctuation.definition.block.dw
#           ^^^^ source.data-weave meta.objectliteral.dw variable.object.member.dw
#               ^ source.data-weave meta.objectliteral.dw variable.object.member.dw meta.object-literal.key.dw punctuation.separator.key-value.dw
#                ^ source.data-weave meta.objectliteral.dw variable.object.member.dw
#                 ^ source.data-weave meta.objectliteral.dw variable.object.member.dw string.quoted.double.dw punctuation.definition.string.begin.dw
#                  ^ source.data-weave meta.objectliteral.dw variable.object.member.dw string.quoted.double.dw
#                   ^ source.data-weave meta.objectliteral.dw variable.object.member.dw string.quoted.double.dw
#                    ^ source.data-weave meta.objectliteral.dw variable.object.member.dw string.quoted.double.dw
#                     ^ source.data-weave meta.objectliteral.dw variable.object.member.dw string.quoted.double.dw
#                      ^ source.data-weave meta.objectliteral.dw variable.object.member.dw string.quoted.double.dw
#                       ^ source.data-weave meta.objectliteral.dw variable.object.member.dw string.quoted.double.dw
#                        ^ source.data-weave meta.objectliteral.dw variable.object.member.dw string.quoted.double.dw
#                         ^ source.data-weave meta.objectliteral.dw variable.object.member.dw string.quoted.double.dw punctuation.definition.string.end.dw
#                          ^ source.data-weave meta.objectliteral.dw punctuation.separator.comma.dw
#                           ^ source.data-weave meta.objectliteral.dw
#                            ^^^^^^^^ source.data-weave meta.objectliteral.dw variable.object.member.dw
#                                    ^ source.data-weave meta.objectliteral.dw variable.object.member.dw meta.object-literal.key.dw punctuation.separator.key-value.dw
#                                     ^ source.data-weave meta.objectliteral.dw variable.object.member.dw
#                                      ^ source.data-weave meta.objectliteral.dw variable.object.member.dw string.quoted.double.dw punctuation.definition.string.begin.dw
#                                       ^ source.data-weave meta.objectliteral.dw variable.object.member.dw string.quoted.double.dw
#                                        ^ source.data-weave meta.objectliteral.dw variable.object.member.dw string.quoted.double.dw
#                                         ^ source.data-weave meta.objectliteral.dw variable.object.member.dw string.quoted.double.dw
#                                          ^ source.data-weave meta.objectliteral.dw variable.object.member.dw string.quoted.double.dw
#                                           ^ source.data-weave meta.objectliteral.dw variable.object.member.dw string.quoted.double.dw
#                                            ^ source.data-weave meta.objectliteral.dw variable.object.member.dw string.quoted.double.dw
#                                             ^ source.data-weave meta.objectliteral.dw variable.object.member.dw string.quoted.double.dw
#                                              ^ source.data-weave meta.objectliteral.dw variable.object.member.dw string.quoted.double.dw punctuation.definition.string.end.dw
#                                               ^ source.data-weave meta.objectliteral.dw punctuation.definition.block.dw
#                                                ^ source.data-weave punctuation.expression.end.dw