>type Test = (String | Boolean)
#^^^^ source.data-weave meta.directive.type.dw storage.type.dw
#    ^ source.data-weave meta.directive.type.dw
#     ^^^^ source.data-weave meta.directive.type.dw entity.name.type.dw
#         ^ source.data-weave meta.directive.type.dw
#          ^ source.data-weave meta.directive.type.dw keyword.other.dw
#           ^ source.data-weave meta.directive.type.dw
#            ^ source.data-weave meta.directive.type.dw
#             ^^^^^^ source.data-weave meta.directive.type.dw support.class.dw
#                   ^ source.data-weave meta.directive.type.dw
#                    ^ source.data-weave meta.directive.type.dw keyword.operator.declaration.dw
#                     ^ source.data-weave meta.directive.type.dw
#                      ^^^^^^^ source.data-weave meta.directive.type.dw support.class.dw
#                             ^^ source.data-weave meta.directive.type.dw
>type Test2 = String
#^^^^ source.data-weave meta.directive.type.dw variable.parameter.dw
#    ^ source.data-weave meta.directive.type.dw
#     ^^^^^ source.data-weave meta.directive.type.dw support.class.dw
#          ^ source.data-weave meta.directive.type.dw
#           ^ source.data-weave meta.directive.type.dw keyword.operator.declaration.dw
#            ^ source.data-weave meta.directive.type.dw
#             ^^^^^^ source.data-weave meta.directive.type.dw variable.other.dw